Component: ARM Compiler 5.06 update 6 (build 750) Tool: armlink [4d35ed]

==============================================================================

Section Cross References

    log.o(i.PutHexa) refers to log.o(i.PutChar) for PutChar
    log.o(i.PutSignedInt) refers to log.o(i.PutChar) for PutChar
    log.o(i.PutUnsignedInt) refers to log.o(i.PutChar) for PutChar
    log.o(i.log_init) refers to bsp_uart.o(i.vd_bsp_usart_init) for vd_bsp_usart_init
    log.o(i.log_init) refers to log.o(.data) for vd_g_usart_num
    log.o(i.log_itoa) refers to memcpya.o(.text) for __aeabi_memcpy4
    log.o(i.log_printf) refers to memseta.o(.text) for __aeabi_memclr4
    log.o(i.log_printf) refers to log.o(i.t_vsprintf) for t_vsprintf
    log.o(i.log_printf) refers to log.o(i.log_send) for log_send
    log.o(i.log_send) refers to bsp_uart.o(i.vd_bsp_usart_SendString) for vd_bsp_usart_SendString
    log.o(i.log_send) refers to log.o(.data) for vd_g_usart_num
    log.o(i.t_vsnprintf) refers to log.o(i.PutUnsignedInt) for PutUnsignedInt
    log.o(i.t_vsnprintf) refers to log.o(i.PutSignedInt) for PutSignedInt
    log.o(i.t_vsnprintf) refers to log.o(i.PutHexa) for PutHexa
    log.o(i.t_vsnprintf) refers to log.o(i.PutString) for PutString
    log.o(i.t_vsnprintf) refers to log.o(i.PutChar) for PutChar
    log.o(i.t_vsprintf) refers to log.o(i.t_vsnprintf) for t_vsnprintf
    sys.o(i.MYRCC_DeInit) refers to sys.o(i.VD_NVIC_SetVectorTable) for VD_NVIC_SetVectorTable
    sys.o(i.Stm32_Clock_Init) refers to sys.o(i.MYRCC_DeInit) for MYRCC_DeInit
    sys.o(i.Sys_Standby) refers to sys.o(i.WFI_SET) for WFI_SET
    sys.o(i.VD_NVIC_Init) refers to sys.o(i.VD_NVIC_PriorityGroupConfig) for VD_NVIC_PriorityGroupConfig
    queue.o(i.creat_queue) refers to queue.o(.data) for used_buff_size
    queue.o(i.creat_queue) refers to queue.o(.bss) for buff
    queue.o(i.queue_is_full) refers to queue.o(i.NEXT_PLACE) for NEXT_PLACE
    queue.o(i.queue_peep_all_bytes) refers to log.o(i.log_printf) for log_printf
    queue.o(i.queue_pull_byte) refers to queue.o(i.NEXT_PLACE) for NEXT_PLACE
    queue.o(i.queue_pull_bytes) refers to log.o(i.log_printf) for log_printf
    queue.o(i.queue_pull_bytes) refers to queue.o(i.queue_pull_byte) for queue_pull_byte
    queue.o(i.queue_push_byte) refers to queue.o(i.NEXT_PLACE) for NEXT_PLACE
    queue.o(i.queue_push_bytes) refers to log.o(i.log_printf) for log_printf
    queue.o(i.queue_push_bytes) refers to queue.o(i.queue_push_byte) for queue_push_byte
    bsp_dwt.o(i.bsp_dwt_delay_ms) refers to bsp_dwt.o(i.bsp_dwt_delay_us) for bsp_dwt_delay_us
    bsp_dwt.o(i.bsp_dwt_delay_s) refers to bsp_dwt.o(i.bsp_dwt_delay_ms) for bsp_dwt_delay_ms
    bsp_gpio.o(i.vd_bsp_gpio_init) refers to bsp_gpio.o(i.vd_bsp_gpio_mode_cfg) for vd_bsp_gpio_mode_cfg
    bsp_uart.o(i.USART1_IRQHandler) refers to queue.o(i.queue_pull_bytes) for queue_pull_bytes
    bsp_uart.o(i.USART1_IRQHandler) refers to bsp_uart.o(.data) for vd_usart1_callback_handle
    bsp_uart.o(i.USART2_IRQHandler) refers to queue.o(i.queue_push_bytes) for queue_push_bytes
    bsp_uart.o(i.USART2_IRQHandler) refers to bsp_uart.o(.data) for vd_usart2_callback_handle
    bsp_uart.o(i.vd_bsp_usart_SendBytes) refers to bsp_uart.o(i.vd_bsp_usart_SendByte) for vd_bsp_usart_SendByte
    bsp_uart.o(i.vd_bsp_usart_SendString) refers to bsp_uart.o(i.vd_bsp_usart_SendByte) for vd_bsp_usart_SendByte
    bsp_uart.o(i.vd_bsp_usart_get_receive_data_len) refers to bsp_uart.o(.data) for vd_usart1_rx_queue
    bsp_uart.o(i.vd_bsp_usart_init) refers to bsp_gpio.o(i.vd_bsp_gpio_init) for vd_bsp_gpio_init
    bsp_uart.o(i.vd_bsp_usart_init) refers to queue.o(i.creat_queue) for creat_queue
    bsp_uart.o(i.vd_bsp_usart_init) refers to ffltui.o(.text) for __aeabi_ui2f
    bsp_uart.o(i.vd_bsp_usart_init) refers to fflti.o(.text) for __aeabi_i2f
    bsp_uart.o(i.vd_bsp_usart_init) refers to fdiv.o(.text) for __aeabi_fdiv
    bsp_uart.o(i.vd_bsp_usart_init) refers to ffixui.o(.text) for __aeabi_f2uiz
    bsp_uart.o(i.vd_bsp_usart_init) refers to fadd.o(.text) for __aeabi_frsub
    bsp_uart.o(i.vd_bsp_usart_init) refers to fmul.o(.text) for __aeabi_fmul
    bsp_uart.o(i.vd_bsp_usart_init) refers to sys.o(i.VD_NVIC_Init) for VD_NVIC_Init
    bsp_uart.o(i.vd_bsp_usart_init) refers to bsp_uart.o(.data) for vd_usart1_rx_queue
    bsp_uart.o(i.vd_bsp_usart_read_bytes) refers to queue.o(i.queue_pull_bytes) for queue_pull_bytes
    bsp_uart.o(i.vd_bsp_usart_read_bytes) refers to bsp_uart.o(.data) for vd_usart1_rx_queue
    bsp_uart.o(i.vd_bsp_usart_register_rx_callback_handle) refers to bsp_uart.o(.data) for vd_usart1_callback_handle
    bsp_uart.o(i.vd_bsp_usart_test) refers to bsp_uart.o(i.vd_bsp_usart_SendByte) for vd_bsp_usart_SendByte
    bsp_uart.o(i.vd_bsp_usart_test) refers to bsp_uart.o(.data) for test_rx_flag
    bsp_uart.o(i.vd_bsp_usart_test_callback_handle) refers to bsp_uart.o(i.vd_bsp_usart_ReceiveByte) for vd_bsp_usart_ReceiveByte
    bsp_uart.o(i.vd_bsp_usart_test_callback_handle) refers to bsp_uart.o(.data) for USART_number
    bsp_uart.o(i.vd_bsp_usart_test_init) refers to bsp_uart.o(i.vd_bsp_usart_init) for vd_bsp_usart_init
    bsp_uart.o(i.vd_bsp_usart_test_init) refers to bsp_uart.o(i.vd_bsp_usart_register_rx_callback_handle) for vd_bsp_usart_register_rx_callback_handle
    bsp_uart.o(i.vd_bsp_usart_test_init) refers to bsp_uart.o(.data) for USART_number
    bsp_uart.o(i.vd_bsp_usart_test_init) refers to bsp_uart.o(i.vd_bsp_usart_test_callback_handle) for vd_bsp_usart_test_callback_handle
    startup_stm32f10x_md.o(RESET) refers to startup_stm32f10x_md.o(STACK) for __initial_sp
    startup_stm32f10x_md.o(RESET) refers to startup_stm32f10x_md.o(.text) for Reset_Handler
    startup_stm32f10x_md.o(RESET) refers to stm32f10x_it.o(i.NMI_Handler) for NMI_Handler
    startup_stm32f10x_md.o(RESET) refers to stm32f10x_it.o(i.HardFault_Handler) for HardFault_Handler
    startup_stm32f10x_md.o(RESET) refers to stm32f10x_it.o(i.MemManage_Handler) for MemManage_Handler
    startup_stm32f10x_md.o(RESET) refers to stm32f10x_it.o(i.BusFault_Handler) for BusFault_Handler
    startup_stm32f10x_md.o(RESET) refers to stm32f10x_it.o(i.UsageFault_Handler) for UsageFault_Handler
    startup_stm32f10x_md.o(RESET) refers to stm32f10x_it.o(i.SVC_Handler) for SVC_Handler
    startup_stm32f10x_md.o(RESET) refers to stm32f10x_it.o(i.DebugMon_Handler) for DebugMon_Handler
    startup_stm32f10x_md.o(RESET) refers to stm32f10x_it.o(i.PendSV_Handler) for PendSV_Handler
    startup_stm32f10x_md.o(RESET) refers to bsp_uart.o(i.USART1_IRQHandler) for USART1_IRQHandler
    startup_stm32f10x_md.o(RESET) refers to bsp_uart.o(i.USART2_IRQHandler) for USART2_IRQHandler
    startup_stm32f10x_md.o(.text) refers to system_stm32f10x.o(i.SystemInit) for SystemInit
    startup_stm32f10x_md.o(.text) refers to entry.o(.ARM.Collect$$$$00000000) for __main
    system_stm32f10x.o(i.SetSysClock) refers to system_stm32f10x.o(i.SetSysClockTo72) for SetSysClockTo72
    system_stm32f10x.o(i.SystemCoreClockUpdate) refers to system_stm32f10x.o(.data) for SystemCoreClock
    system_stm32f10x.o(i.SystemInit) refers to system_stm32f10x.o(i.SetSysClock) for SetSysClock
    main.o(i.main) refers to sys.o(i.Stm32_Clock_Init) for Stm32_Clock_Init
    main.o(i.main) refers to bsp_dwt.o(i.bsp_dwt_dalay_init) for bsp_dwt_dalay_init
    main.o(i.main) refers to bsp_gpio.o(i.vd_bsp_gpio_init) for vd_bsp_gpio_init
    main.o(i.main) refers to bsp_uart.o(i.vd_bsp_usart_test_init) for vd_bsp_usart_test_init
    main.o(i.main) refers to bsp_gpio.o(i.vd_bsp_gpio_write) for vd_bsp_gpio_write
    main.o(i.main) refers to bsp_dwt.o(i.bsp_dwt_delay_s) for bsp_dwt_delay_s
    main.o(i.main) refers to bsp_uart.o(i.vd_bsp_usart_test) for vd_bsp_usart_test
    entry.o(.ARM.Collect$$$$00000000) refers (Special) to entry10a.o(.ARM.Collect$$$$0000000D) for __rt_final_cpp
    entry.o(.ARM.Collect$$$$00000000) refers (Special) to entry11a.o(.ARM.Collect$$$$0000000F) for __rt_final_exit
    entry.o(.ARM.Collect$$$$00000000) refers (Special) to entry7b.o(.ARM.Collect$$$$00000008) for _main_clock
    entry.o(.ARM.Collect$$$$00000000) refers (Special) to entry8b.o(.ARM.Collect$$$$0000000A) for _main_cpp_init
    entry.o(.ARM.Collect$$$$00000000) refers (Special) to entry9a.o(.ARM.Collect$$$$0000000B) for _main_init
    entry.o(.ARM.Collect$$$$00000000) refers (Special) to entry5.o(.ARM.Collect$$$$00000004) for _main_scatterload
    entry.o(.ARM.Collect$$$$00000000) refers (Special) to entry2.o(.ARM.Collect$$$$00000001) for _main_stk
    fadd.o(.text) refers (Special) to iusefp.o(.text) for __I$use$fp
    fadd.o(.text) refers to fepilogue.o(.text) for _float_epilogue
    fmul.o(.text) refers (Special) to iusefp.o(.text) for __I$use$fp
    fdiv.o(.text) refers (Special) to iusefp.o(.text) for __I$use$fp
    fdiv.o(.text) refers to fepilogue.o(.text) for _float_round
    fflti.o(.text) refers (Special) to iusefp.o(.text) for __I$use$fp
    fflti.o(.text) refers to fepilogue.o(.text) for _float_epilogue
    ffltui.o(.text) refers (Special) to iusefp.o(.text) for __I$use$fp
    ffltui.o(.text) refers to fepilogue.o(.text) for _float_epilogue
    ffixui.o(.text) refers (Special) to iusefp.o(.text) for __I$use$fp
    entry2.o(.ARM.Collect$$$$00000001) refers to entry2.o(.ARM.Collect$$$$00002712) for __lit__00000000
    entry2.o(.ARM.Collect$$$$00002712) refers to startup_stm32f10x_md.o(STACK) for __initial_sp
    entry2.o(__vectab_stack_and_reset_area) refers to startup_stm32f10x_md.o(STACK) for __initial_sp
    entry2.o(__vectab_stack_and_reset_area) refers to entry.o(.ARM.Collect$$$$00000000) for __main
    entry5.o(.ARM.Collect$$$$00000004) refers to init.o(.text) for __scatterload
    entry9a.o(.ARM.Collect$$$$0000000B) refers to main.o(i.main) for main
    entry9b.o(.ARM.Collect$$$$0000000C) refers to main.o(i.main) for main
    init.o(.text) refers to entry5.o(.ARM.Collect$$$$00000004) for __main_after_scatterload


==============================================================================

Removing Unused input sections from the image.

    Removing log.o(i.log_init), (20 bytes).
    Removing log.o(i.log_itoa), (192 bytes).
    Removing sys.o(i.Ex_NVIC_Config), (160 bytes).
    Removing sys.o(i.INTX_DISABLE), (4 bytes).
    Removing sys.o(i.INTX_ENABLE), (4 bytes).
    Removing sys.o(i.JTAG_Set), (48 bytes).
    Removing sys.o(i.Sys_Soft_Reset), (16 bytes).
    Removing sys.o(i.Sys_Standby), (76 bytes).
    Removing sys.o(i.WFI_SET), (4 bytes).
    Removing queue.o(i.queue_clear), (10 bytes).
    Removing queue.o(i.queue_is_empty), (18 bytes).
    Removing queue.o(i.queue_is_full), (26 bytes).
    Removing queue.o(i.queue_peep_all_bytes), (88 bytes).
    Removing bsp_gpio.o(i.vd_bsp_gpio_read), (128 bytes).
    Removing bsp_uart.o(i.vd_bsp_usart_SendBytes), (32 bytes).
    Removing bsp_uart.o(i.vd_bsp_usart_get_receive_data_len), (48 bytes).
    Removing bsp_uart.o(i.vd_bsp_usart_read_bytes), (84 bytes).
    Removing core_cm3.o(.emb_text), (32 bytes).
    Removing startup_stm32f10x_md.o(HEAP), (512 bytes).
    Removing system_stm32f10x.o(i.SystemCoreClockUpdate), (164 bytes).
    Removing system_stm32f10x.o(.data), (20 bytes).

21 unused section(s) (total 1686 bytes) removed from the image.

==============================================================================

Image Symbol Table

    Local Symbols

    Symbol Name                              Value     Ov Type        Size  Object(Section)

    ../clib/microlib/init/entry.s            0x00000000   Number         0  entry10b.o ABSOLUTE
    ../clib/microlib/init/entry.s            0x00000000   Number         0  entry2.o ABSOLUTE
    ../clib/microlib/init/entry.s            0x00000000   Number         0  entry.o ABSOLUTE
    ../clib/microlib/init/entry.s            0x00000000   Number         0  entry11b.o ABSOLUTE
    ../clib/microlib/init/entry.s            0x00000000   Number         0  entry11a.o ABSOLUTE
    ../clib/microlib/init/entry.s            0x00000000   Number         0  entry10a.o ABSOLUTE
    ../clib/microlib/init/entry.s            0x00000000   Number         0  entry9a.o ABSOLUTE
    ../clib/microlib/init/entry.s            0x00000000   Number         0  entry8b.o ABSOLUTE
    ../clib/microlib/init/entry.s            0x00000000   Number         0  entry8a.o ABSOLUTE
    ../clib/microlib/init/entry.s            0x00000000   Number         0  entry7b.o ABSOLUTE
    ../clib/microlib/init/entry.s            0x00000000   Number         0  entry7a.o ABSOLUTE
    ../clib/microlib/init/entry.s            0x00000000   Number         0  entry9b.o ABSOLUTE
    ../clib/microlib/init/entry.s            0x00000000   Number         0  entry5.o ABSOLUTE
    ../clib/microlib/string/memcpy.c         0x00000000   Number         0  memcpya.o ABSOLUTE
    ../clib/microlib/string/memcpy.c         0x00000000   Number         0  memcpyb.o ABSOLUTE
    ../clib/microlib/string/memset.c         0x00000000   Number         0  memseta.o ABSOLUTE
    ../clib/microlib/stubs.s                 0x00000000   Number         0  iusefp.o ABSOLUTE
    ../fplib/microlib/fpadd.c                0x00000000   Number         0  fadd.o ABSOLUTE
    ../fplib/microlib/fpdiv.c                0x00000000   Number         0  fdiv.o ABSOLUTE
    ../fplib/microlib/fpepilogue.c           0x00000000   Number         0  fepilogue.o ABSOLUTE
    ../fplib/microlib/fpfix.c                0x00000000   Number         0  ffixui.o ABSOLUTE
    ../fplib/microlib/fpflt.c                0x00000000   Number         0  ffltui.o ABSOLUTE
    ../fplib/microlib/fpflt.c                0x00000000   Number         0  fflti.o ABSOLUTE
    ../fplib/microlib/fpmul.c                0x00000000   Number         0  fmul.o ABSOLUTE
    ..\\mcu_kit\\SDK\\Start\\core_cm3.c      0x00000000   Number         0  core_cm3.o ABSOLUTE
    ..\mcu_kit\SDK\Start\core_cm3.c          0x00000000   Number         0  core_cm3.o ABSOLUTE
    ..\mcu_kit\SDK\Start\startup_stm32f10x_md.s 0x00000000   Number         0  startup_stm32f10x_md.o ABSOLUTE
    ..\mcu_kit\SDK\Start\system_stm32f10x.c  0x00000000   Number         0  system_stm32f10x.o ABSOLUTE
    ..\mcu_kit\SDK\stm32f10x_it.c            0x00000000   Number         0  stm32f10x_it.o ABSOLUTE
    ..\mcu_kit\base\log.c                    0x00000000   Number         0  log.o ABSOLUTE
    ..\mcu_kit\base\queue.c                  0x00000000   Number         0  queue.o ABSOLUTE
    ..\mcu_kit\base\sys.c                    0x00000000   Number         0  sys.o ABSOLUTE
    ..\mcu_kit\bsp\bsp_dwt\bsp_dwt.c         0x00000000   Number         0  bsp_dwt.o ABSOLUTE
    ..\mcu_kit\bsp\bsp_gpio\bsp_gpio.c       0x00000000   Number         0  bsp_gpio.o ABSOLUTE
    ..\mcu_kit\bsp\bsp_uart\bsp_uart.c       0x00000000   Number         0  bsp_uart.o ABSOLUTE
    ..\user_code\main.c                      0x00000000   Number         0  main.o ABSOLUTE
    dc.s                                     0x00000000   Number         0  dc.o ABSOLUTE
    handlers.s                               0x00000000   Number         0  handlers.o ABSOLUTE
    init.s                                   0x00000000   Number         0  init.o ABSOLUTE
    RESET                                    0x08000000   Section      236  startup_stm32f10x_md.o(RESET)
    .ARM.Collect$$$$00000000                 0x080000ec   Section        0  entry.o(.ARM.Collect$$$$00000000)
    .ARM.Collect$$$$00000001                 0x080000ec   Section        4  entry2.o(.ARM.Collect$$$$00000001)
    .ARM.Collect$$$$00000004                 0x080000f0   Section        4  entry5.o(.ARM.Collect$$$$00000004)
    .ARM.Collect$$$$00000008                 0x080000f4   Section        0  entry7b.o(.ARM.Collect$$$$00000008)
    .ARM.Collect$$$$0000000A                 0x080000f4   Section        0  entry8b.o(.ARM.Collect$$$$0000000A)
    .ARM.Collect$$$$0000000B                 0x080000f4   Section        8  entry9a.o(.ARM.Collect$$$$0000000B)
    .ARM.Collect$$$$0000000D                 0x080000fc   Section        0  entry10a.o(.ARM.Collect$$$$0000000D)
    .ARM.Collect$$$$0000000F                 0x080000fc   Section        0  entry11a.o(.ARM.Collect$$$$0000000F)
    .ARM.Collect$$$$00002712                 0x080000fc   Section        4  entry2.o(.ARM.Collect$$$$00002712)
    __lit__00000000                          0x080000fc   Data           4  entry2.o(.ARM.Collect$$$$00002712)
    .text                                    0x08000100   Section       36  startup_stm32f10x_md.o(.text)
    .text                                    0x08000124   Section        0  memseta.o(.text)
    .text                                    0x08000148   Section        0  fadd.o(.text)
    .text                                    0x080001f8   Section        0  fmul.o(.text)
    .text                                    0x0800025c   Section        0  fdiv.o(.text)
    .text                                    0x080002d8   Section        0  fflti.o(.text)
    .text                                    0x080002ea   Section        0  ffltui.o(.text)
    .text                                    0x080002f4   Section        0  ffixui.o(.text)
    .text                                    0x0800031c   Section        0  fepilogue.o(.text)
    .text                                    0x0800031c   Section        0  iusefp.o(.text)
    .text                                    0x0800038c   Section       36  init.o(.text)
    i.BusFault_Handler                       0x080003b0   Section        0  stm32f10x_it.o(i.BusFault_Handler)
    i.DebugMon_Handler                       0x080003b4   Section        0  stm32f10x_it.o(i.DebugMon_Handler)
    i.HardFault_Handler                      0x080003b6   Section        0  stm32f10x_it.o(i.HardFault_Handler)
    i.MYRCC_DeInit                           0x080003bc   Section        0  sys.o(i.MYRCC_DeInit)
    i.MemManage_Handler                      0x08000424   Section        0  stm32f10x_it.o(i.MemManage_Handler)
    i.NEXT_PLACE                             0x08000428   Section        0  queue.o(i.NEXT_PLACE)
    i.NMI_Handler                            0x0800043a   Section        0  stm32f10x_it.o(i.NMI_Handler)
    i.PendSV_Handler                         0x0800043c   Section        0  stm32f10x_it.o(i.PendSV_Handler)
    i.PutChar                                0x0800043e   Section        0  log.o(i.PutChar)
    PutChar                                  0x0800043f   Thumb Code     8  log.o(i.PutChar)
    i.PutHexa                                0x08000446   Section        0  log.o(i.PutHexa)
    PutHexa                                  0x08000447   Thumb Code   132  log.o(i.PutHexa)
    i.PutSignedInt                           0x080004ca   Section        0  log.o(i.PutSignedInt)
    PutSignedInt                             0x080004cb   Thumb Code   164  log.o(i.PutSignedInt)
    i.PutString                              0x0800056e   Section        0  log.o(i.PutString)
    PutString                                0x0800056f   Thumb Code    24  log.o(i.PutString)
    i.PutUnsignedInt                         0x08000586   Section        0  log.o(i.PutUnsignedInt)
    PutUnsignedInt                           0x08000587   Thumb Code    98  log.o(i.PutUnsignedInt)
    i.SVC_Handler                            0x080005e8   Section        0  stm32f10x_it.o(i.SVC_Handler)
    i.SetSysClock                            0x080005ea   Section        0  system_stm32f10x.o(i.SetSysClock)
    SetSysClock                              0x080005eb   Thumb Code     8  system_stm32f10x.o(i.SetSysClock)
    i.SetSysClockTo72                        0x080005f4   Section        0  system_stm32f10x.o(i.SetSysClockTo72)
    SetSysClockTo72                          0x080005f5   Thumb Code   214  system_stm32f10x.o(i.SetSysClockTo72)
    i.Stm32_Clock_Init                       0x080006d4   Section        0  sys.o(i.Stm32_Clock_Init)
    i.SystemInit                             0x08000764   Section        0  system_stm32f10x.o(i.SystemInit)
    i.USART1_IRQHandler                      0x080007c4   Section        0  bsp_uart.o(i.USART1_IRQHandler)
    i.USART2_IRQHandler                      0x0800081c   Section        0  bsp_uart.o(i.USART2_IRQHandler)
    i.UsageFault_Handler                     0x08000874   Section        0  stm32f10x_it.o(i.UsageFault_Handler)
    i.VD_NVIC_Init                           0x08000878   Section        0  sys.o(i.VD_NVIC_Init)
    i.VD_NVIC_PriorityGroupConfig            0x080008f0   Section        0  sys.o(i.VD_NVIC_PriorityGroupConfig)
    i.VD_NVIC_SetVectorTable                 0x08000918   Section        0  sys.o(i.VD_NVIC_SetVectorTable)
    i.__scatterload_copy                     0x0800092c   Section       14  handlers.o(i.__scatterload_copy)
    i.__scatterload_null                     0x0800093a   Section        2  handlers.o(i.__scatterload_null)
    i.__scatterload_zeroinit                 0x0800093c   Section       14  handlers.o(i.__scatterload_zeroinit)
    i.bsp_dwt_dalay_init                     0x0800094c   Section        0  bsp_dwt.o(i.bsp_dwt_dalay_init)
    i.bsp_dwt_delay_ms                       0x08000974   Section        0  bsp_dwt.o(i.bsp_dwt_delay_ms)
    i.bsp_dwt_delay_s                        0x0800098c   Section        0  bsp_dwt.o(i.bsp_dwt_delay_s)
    i.bsp_dwt_delay_us                       0x080009a4   Section        0  bsp_dwt.o(i.bsp_dwt_delay_us)
    i.creat_queue                            0x080009d0   Section        0  queue.o(i.creat_queue)
    i.log_printf                             0x08000a10   Section        0  log.o(i.log_printf)
    i.log_send                               0x08000a40   Section        0  log.o(i.log_send)
    i.main                                   0x08000a5c   Section        0  main.o(i.main)
    i.queue_pull_byte                        0x08000a98   Section        0  queue.o(i.queue_pull_byte)
    queue_pull_byte                          0x08000a99   Thumb Code    36  queue.o(i.queue_pull_byte)
    i.queue_pull_bytes                       0x08000abc   Section        0  queue.o(i.queue_pull_bytes)
    i.queue_push_byte                        0x08000b34   Section        0  queue.o(i.queue_push_byte)
    queue_push_byte                          0x08000b35   Thumb Code    34  queue.o(i.queue_push_byte)
    i.queue_push_bytes                       0x08000b58   Section        0  queue.o(i.queue_push_bytes)
    i.t_vsnprintf                            0x08000bd0   Section        0  log.o(i.t_vsnprintf)
    t_vsnprintf                              0x08000bd1   Thumb Code   366  log.o(i.t_vsnprintf)
    i.t_vsprintf                             0x08000d3e   Section        0  log.o(i.t_vsprintf)
    t_vsprintf                               0x08000d3f   Thumb Code    22  log.o(i.t_vsprintf)
    i.vd_bsp_gpio_init                       0x08000d54   Section        0  bsp_gpio.o(i.vd_bsp_gpio_init)
    i.vd_bsp_gpio_mode_cfg                   0x08000e00   Section        0  bsp_gpio.o(i.vd_bsp_gpio_mode_cfg)
    vd_bsp_gpio_mode_cfg                     0x08000e01   Thumb Code   146  bsp_gpio.o(i.vd_bsp_gpio_mode_cfg)
    i.vd_bsp_gpio_write                      0x08000e94   Section        0  bsp_gpio.o(i.vd_bsp_gpio_write)
    i.vd_bsp_usart_ReceiveByte               0x08000f78   Section        0  bsp_uart.o(i.vd_bsp_usart_ReceiveByte)
    i.vd_bsp_usart_SendByte                  0x08000fa4   Section        0  bsp_uart.o(i.vd_bsp_usart_SendByte)
    i.vd_bsp_usart_SendString                0x08000ff0   Section        0  bsp_uart.o(i.vd_bsp_usart_SendString)
    i.vd_bsp_usart_init                      0x08001010   Section        0  bsp_uart.o(i.vd_bsp_usart_init)
    i.vd_bsp_usart_register_rx_callback_handle 0x08001124   Section        0  bsp_uart.o(i.vd_bsp_usart_register_rx_callback_handle)
    i.vd_bsp_usart_test                      0x0800116c   Section        0  bsp_uart.o(i.vd_bsp_usart_test)
    i.vd_bsp_usart_test_callback_handle      0x08001198   Section        0  bsp_uart.o(i.vd_bsp_usart_test_callback_handle)
    i.vd_bsp_usart_test_init                 0x080011c4   Section        0  bsp_uart.o(i.vd_bsp_usart_test_init)
    .data                                    0x20000000   Section        1  log.o(.data)
    .data                                    0x20000004   Section        4  queue.o(.data)
    .data                                    0x20000008   Section       39  bsp_uart.o(.data)
    .bss                                     0x20000030   Section      200  queue.o(.bss)
    STACK                                    0x200000f8   Section     1024  startup_stm32f10x_md.o(STACK)

    Global Symbols

    Symbol Name                              Value     Ov Type        Size  Object(Section)

    BuildAttributes$$THM_ISAv4$P$D$K$B$S$PE$A:L22UL41UL21$X:L11$S22US41US21$IEEE1$IW$USESV6$~STKCKD$USESV7$~SHL$OTIME$ROPI$EBA8$MICROLIB$REQ8$PRES8$EABIv2 0x00000000   Number         0  anon$$obj.o ABSOLUTE
    __ARM_use_no_argv                        0x00000000   Number         0  main.o ABSOLUTE
    __cpp_initialize__aeabi_                  - Undefined Weak Reference
    __cxa_finalize                            - Undefined Weak Reference
    __decompress                              - Undefined Weak Reference
    _clock_init                               - Undefined Weak Reference
    _microlib_exit                            - Undefined Weak Reference
    __Vectors_Size                           0x000000ec   Number         0  startup_stm32f10x_md.o ABSOLUTE
    __Vectors                                0x08000000   Data           4  startup_stm32f10x_md.o(RESET)
    __Vectors_End                            0x080000ec   Data           0  startup_stm32f10x_md.o(RESET)
    __main                                   0x080000ed   Thumb Code     0  entry.o(.ARM.Collect$$$$00000000)
    _main_stk                                0x080000ed   Thumb Code     0  entry2.o(.ARM.Collect$$$$00000001)
    _main_scatterload                        0x080000f1   Thumb Code     0  entry5.o(.ARM.Collect$$$$00000004)
    __main_after_scatterload                 0x080000f5   Thumb Code     0  entry5.o(.ARM.Collect$$$$00000004)
    _main_clock                              0x080000f5   Thumb Code     0  entry7b.o(.ARM.Collect$$$$00000008)
    _main_cpp_init                           0x080000f5   Thumb Code     0  entry8b.o(.ARM.Collect$$$$0000000A)
    _main_init                               0x080000f5   Thumb Code     0  entry9a.o(.ARM.Collect$$$$0000000B)
    __rt_final_cpp                           0x080000fd   Thumb Code     0  entry10a.o(.ARM.Collect$$$$0000000D)
    __rt_final_exit                          0x080000fd   Thumb Code     0  entry11a.o(.ARM.Collect$$$$0000000F)
    Reset_Handler                            0x08000101   Thumb Code     8  startup_stm32f10x_md.o(.text)
    SysTick_Handler                          0x08000119   Thumb Code     2  startup_stm32f10x_md.o(.text)
    ADC1_2_IRQHandler                        0x0800011b   Thumb Code     0  startup_stm32f10x_md.o(.text)
    CAN1_RX1_IRQHandler                      0x0800011b   Thumb Code     0  startup_stm32f10x_md.o(.text)
    CAN1_SCE_IRQHandler                      0x0800011b   Thumb Code     0  startup_stm32f10x_md.o(.text)
    DMA1_Channel1_IRQHandler                 0x0800011b   Thumb Code     0  startup_stm32f10x_md.o(.text)
    DMA1_Channel2_IRQHandler                 0x0800011b   Thumb Code     0  startup_stm32f10x_md.o(.text)
    DMA1_Channel3_IRQHandler                 0x0800011b   Thumb Code     0  startup_stm32f10x_md.o(.text)
    DMA1_Channel4_IRQHandler                 0x0800011b   Thumb Code     0  startup_stm32f10x_md.o(.text)
    DMA1_Channel5_IRQHandler                 0x0800011b   Thumb Code     0  startup_stm32f10x_md.o(.text)
    DMA1_Channel6_IRQHandler                 0x0800011b   Thumb Code     0  startup_stm32f10x_md.o(.text)
    DMA1_Channel7_IRQHandler                 0x0800011b   Thumb Code     0  startup_stm32f10x_md.o(.text)
    EXTI0_IRQHandler                         0x0800011b   Thumb Code     0  startup_stm32f10x_md.o(.text)
    EXTI15_10_IRQHandler                     0x0800011b   Thumb Code     0  startup_stm32f10x_md.o(.text)
    EXTI1_IRQHandler                         0x0800011b   Thumb Code     0  startup_stm32f10x_md.o(.text)
    EXTI2_IRQHandler                         0x0800011b   Thumb Code     0  startup_stm32f10x_md.o(.text)
    EXTI3_IRQHandler                         0x0800011b   Thumb Code     0  startup_stm32f10x_md.o(.text)
    EXTI4_IRQHandler                         0x0800011b   Thumb Code     0  startup_stm32f10x_md.o(.text)
    EXTI9_5_IRQHandler                       0x0800011b   Thumb Code     0  startup_stm32f10x_md.o(.text)
    FLASH_IRQHandler                         0x0800011b   Thumb Code     0  startup_stm32f10x_md.o(.text)
    I2C1_ER_IRQHandler                       0x0800011b   Thumb Code     0  startup_stm32f10x_md.o(.text)
    I2C1_EV_IRQHandler                       0x0800011b   Thumb Code     0  startup_stm32f10x_md.o(.text)
    I2C2_ER_IRQHandler                       0x0800011b   Thumb Code     0  startup_stm32f10x_md.o(.text)
    I2C2_EV_IRQHandler                       0x0800011b   Thumb Code     0  startup_stm32f10x_md.o(.text)
    PVD_IRQHandler                           0x0800011b   Thumb Code     0  startup_stm32f10x_md.o(.text)
    RCC_IRQHandler                           0x0800011b   Thumb Code     0  startup_stm32f10x_md.o(.text)
    RTCAlarm_IRQHandler                      0x0800011b   Thumb Code     0  startup_stm32f10x_md.o(.text)
    RTC_IRQHandler                           0x0800011b   Thumb Code     0  startup_stm32f10x_md.o(.text)
    SPI1_IRQHandler                          0x0800011b   Thumb Code     0  startup_stm32f10x_md.o(.text)
    SPI2_IRQHandler                          0x0800011b   Thumb Code     0  startup_stm32f10x_md.o(.text)
    TAMPER_IRQHandler                        0x0800011b   Thumb Code     0  startup_stm32f10x_md.o(.text)
    TIM1_BRK_IRQHandler                      0x0800011b   Thumb Code     0  startup_stm32f10x_md.o(.text)
    TIM1_CC_IRQHandler                       0x0800011b   Thumb Code     0  startup_stm32f10x_md.o(.text)
    TIM1_TRG_COM_IRQHandler                  0x0800011b   Thumb Code     0  startup_stm32f10x_md.o(.text)
    TIM1_UP_IRQHandler                       0x0800011b   Thumb Code     0  startup_stm32f10x_md.o(.text)
    TIM2_IRQHandler                          0x0800011b   Thumb Code     0  startup_stm32f10x_md.o(.text)
    TIM3_IRQHandler                          0x0800011b   Thumb Code     0  startup_stm32f10x_md.o(.text)
    TIM4_IRQHandler                          0x0800011b   Thumb Code     0  startup_stm32f10x_md.o(.text)
    USART3_IRQHandler                        0x0800011b   Thumb Code     0  startup_stm32f10x_md.o(.text)
    USBWakeUp_IRQHandler                     0x0800011b   Thumb Code     0  startup_stm32f10x_md.o(.text)
    USB_HP_CAN1_TX_IRQHandler                0x0800011b   Thumb Code     0  startup_stm32f10x_md.o(.text)
    USB_LP_CAN1_RX0_IRQHandler               0x0800011b   Thumb Code     0  startup_stm32f10x_md.o(.text)
    WWDG_IRQHandler                          0x0800011b   Thumb Code     0  startup_stm32f10x_md.o(.text)
    __aeabi_memset                           0x08000125   Thumb Code    14  memseta.o(.text)
    __aeabi_memset4                          0x08000125   Thumb Code     0  memseta.o(.text)
    __aeabi_memset8                          0x08000125   Thumb Code     0  memseta.o(.text)
    __aeabi_memclr                           0x08000133   Thumb Code     4  memseta.o(.text)
    __aeabi_memclr4                          0x08000133   Thumb Code     0  memseta.o(.text)
    __aeabi_memclr8                          0x08000133   Thumb Code     0  memseta.o(.text)
    _memset$wrapper                          0x08000137   Thumb Code    18  memseta.o(.text)
    __aeabi_fadd                             0x08000149   Thumb Code   164  fadd.o(.text)
    __aeabi_fsub                             0x080001ed   Thumb Code     6  fadd.o(.text)
    __aeabi_frsub                            0x080001f3   Thumb Code     6  fadd.o(.text)
    __aeabi_fmul                             0x080001f9   Thumb Code   100  fmul.o(.text)
    __aeabi_fdiv                             0x0800025d   Thumb Code   124  fdiv.o(.text)
    __aeabi_i2f                              0x080002d9   Thumb Code    18  fflti.o(.text)
    __aeabi_ui2f                             0x080002eb   Thumb Code    10  ffltui.o(.text)
    __aeabi_f2uiz                            0x080002f5   Thumb Code    40  ffixui.o(.text)
    __I$use$fp                               0x0800031d   Thumb Code     0  iusefp.o(.text)
    _float_round                             0x0800031d   Thumb Code    18  fepilogue.o(.text)
    _float_epilogue                          0x0800032f   Thumb Code    92  fepilogue.o(.text)
    __scatterload                            0x0800038d   Thumb Code    28  init.o(.text)
    __scatterload_rt2                        0x0800038d   Thumb Code     0  init.o(.text)
    BusFault_Handler                         0x080003b1   Thumb Code     4  stm32f10x_it.o(i.BusFault_Handler)
    DebugMon_Handler                         0x080003b5   Thumb Code     2  stm32f10x_it.o(i.DebugMon_Handler)
    HardFault_Handler                        0x080003b7   Thumb Code     4  stm32f10x_it.o(i.HardFault_Handler)
    MYRCC_DeInit                             0x080003bd   Thumb Code    90  sys.o(i.MYRCC_DeInit)
    MemManage_Handler                        0x08000425   Thumb Code     4  stm32f10x_it.o(i.MemManage_Handler)
    NEXT_PLACE                               0x08000429   Thumb Code    18  queue.o(i.NEXT_PLACE)
    NMI_Handler                              0x0800043b   Thumb Code     2  stm32f10x_it.o(i.NMI_Handler)
    PendSV_Handler                           0x0800043d   Thumb Code     2  stm32f10x_it.o(i.PendSV_Handler)
    SVC_Handler                              0x080005e9   Thumb Code     2  stm32f10x_it.o(i.SVC_Handler)
    Stm32_Clock_Init                         0x080006d5   Thumb Code   134  sys.o(i.Stm32_Clock_Init)
    SystemInit                               0x08000765   Thumb Code    78  system_stm32f10x.o(i.SystemInit)
    USART1_IRQHandler                        0x080007c5   Thumb Code    74  bsp_uart.o(i.USART1_IRQHandler)
    USART2_IRQHandler                        0x0800081d   Thumb Code    74  bsp_uart.o(i.USART2_IRQHandler)
    UsageFault_Handler                       0x08000875   Thumb Code     4  stm32f10x_it.o(i.UsageFault_Handler)
    VD_NVIC_Init                             0x08000879   Thumb Code   116  sys.o(i.VD_NVIC_Init)
    VD_NVIC_PriorityGroupConfig              0x080008f1   Thumb Code    32  sys.o(i.VD_NVIC_PriorityGroupConfig)
    VD_NVIC_SetVectorTable                   0x08000919   Thumb Code    12  sys.o(i.VD_NVIC_SetVectorTable)
    __scatterload_copy                       0x0800092d   Thumb Code    14  handlers.o(i.__scatterload_copy)
    __scatterload_null                       0x0800093b   Thumb Code     2  handlers.o(i.__scatterload_null)
    __scatterload_zeroinit                   0x0800093d   Thumb Code    14  handlers.o(i.__scatterload_zeroinit)
    bsp_dwt_dalay_init                       0x0800094d   Thumb Code    30  bsp_dwt.o(i.bsp_dwt_dalay_init)
    bsp_dwt_delay_ms                         0x08000975   Thumb Code    24  bsp_dwt.o(i.bsp_dwt_delay_ms)
    bsp_dwt_delay_s                          0x0800098d   Thumb Code    24  bsp_dwt.o(i.bsp_dwt_delay_s)
    bsp_dwt_delay_us                         0x080009a5   Thumb Code    38  bsp_dwt.o(i.bsp_dwt_delay_us)
    creat_queue                              0x080009d1   Thumb Code    56  queue.o(i.creat_queue)
    log_printf                               0x08000a11   Thumb Code    46  log.o(i.log_printf)
    log_send                                 0x08000a41   Thumb Code    22  log.o(i.log_send)
    main                                     0x08000a5d   Thumb Code    60  main.o(i.main)
    queue_pull_bytes                         0x08000abd   Thumb Code    66  queue.o(i.queue_pull_bytes)
    queue_push_bytes                         0x08000b59   Thumb Code    66  queue.o(i.queue_push_bytes)
    vd_bsp_gpio_init                         0x08000d55   Thumb Code   150  bsp_gpio.o(i.vd_bsp_gpio_init)
    vd_bsp_gpio_write                        0x08000e95   Thumb Code   212  bsp_gpio.o(i.vd_bsp_gpio_write)
    vd_bsp_usart_ReceiveByte                 0x08000f79   Thumb Code    30  bsp_uart.o(i.vd_bsp_usart_ReceiveByte)
    vd_bsp_usart_SendByte                    0x08000fa5   Thumb Code    64  bsp_uart.o(i.vd_bsp_usart_SendByte)
    vd_bsp_usart_SendString                  0x08000ff1   Thumb Code    30  bsp_uart.o(i.vd_bsp_usart_SendString)
    vd_bsp_usart_init                        0x08001011   Thumb Code   260  bsp_uart.o(i.vd_bsp_usart_init)
    vd_bsp_usart_register_rx_callback_handle 0x08001125   Thumb Code    60  bsp_uart.o(i.vd_bsp_usart_register_rx_callback_handle)
    vd_bsp_usart_test                        0x0800116d   Thumb Code    30  bsp_uart.o(i.vd_bsp_usart_test)
    vd_bsp_usart_test_callback_handle        0x08001199   Thumb Code    30  bsp_uart.o(i.vd_bsp_usart_test_callback_handle)
    vd_bsp_usart_test_init                   0x080011c5   Thumb Code    24  bsp_uart.o(i.vd_bsp_usart_test_init)
    Region$$Table$$Base                      0x080011e4   Number         0  anon$$obj.o(Region$$Table)
    Region$$Table$$Limit                     0x08001204   Number         0  anon$$obj.o(Region$$Table)
    vd_g_usart_num                           0x20000000   Data           1  log.o(.data)
    used_buff_size                           0x20000004   Data           4  queue.o(.data)
    vd_usart1_callback_handle                0x20000008   Data           4  bsp_uart.o(.data)
    vd_usart2_callback_handle                0x2000000c   Data           4  bsp_uart.o(.data)
    vd_usart3_callback_handle                0x20000010   Data           4  bsp_uart.o(.data)
    vd_usart1_rx_queue                       0x20000014   Data           8  bsp_uart.o(.data)
    vd_usart2_rx_queue                       0x2000001c   Data           8  bsp_uart.o(.data)
    vd_usart3_rx_queue                       0x20000024   Data           8  bsp_uart.o(.data)
    test_number                              0x2000002c   Data           1  bsp_uart.o(.data)
    test_rx_flag                             0x2000002d   Data           1  bsp_uart.o(.data)
    USART_number                             0x2000002e   Data           1  bsp_uart.o(.data)
    buff                                     0x20000030   Data         200  queue.o(.bss)
    __initial_sp                             0x200004f8   Data           0  startup_stm32f10x_md.o(STACK)



==============================================================================

Memory Map of the image

  Image Entry point : 0x080000ed

  Load Region LR_IROM1 (Base: 0x08000000, Size: 0x00001234, Max: 0x00010000, ABSOLUTE)

    Execution Region ER_IROM1 (Exec base: 0x08000000, Load base: 0x08000000, Size: 0x00001204, Max: 0x00010000, ABSOLUTE)

    Exec Addr    Load Addr    Size         Type   Attr      Idx    E Section Name        Object

    0x08000000   0x08000000   0x000000ec   Data   RO          526    RESET               startup_stm32f10x_md.o
    0x080000ec   0x080000ec   0x00000000   Code   RO          653  * .ARM.Collect$$$$00000000  mc_w.l(entry.o)
    0x080000ec   0x080000ec   0x00000004   Code   RO          674    .ARM.Collect$$$$00000001  mc_w.l(entry2.o)
    0x080000f0   0x080000f0   0x00000004   Code   RO          677    .ARM.Collect$$$$00000004  mc_w.l(entry5.o)
    0x080000f4   0x080000f4   0x00000000   Code   RO          679    .ARM.Collect$$$$00000008  mc_w.l(entry7b.o)
    0x080000f4   0x080000f4   0x00000000   Code   RO          681    .ARM.Collect$$$$0000000A  mc_w.l(entry8b.o)
    0x080000f4   0x080000f4   0x00000008   Code   RO          682    .ARM.Collect$$$$0000000B  mc_w.l(entry9a.o)
    0x080000fc   0x080000fc   0x00000000   Code   RO          684    .ARM.Collect$$$$0000000D  mc_w.l(entry10a.o)
    0x080000fc   0x080000fc   0x00000000   Code   RO          686    .ARM.Collect$$$$0000000F  mc_w.l(entry11a.o)
    0x080000fc   0x080000fc   0x00000004   Code   RO          675    .ARM.Collect$$$$00002712  mc_w.l(entry2.o)
    0x08000100   0x08000100   0x00000024   Code   RO          527    .text               startup_stm32f10x_md.o
    0x08000124   0x08000124   0x00000024   Code   RO          658    .text               mc_w.l(memseta.o)
    0x08000148   0x08000148   0x000000b0   Code   RO          662    .text               mf_w.l(fadd.o)
    0x080001f8   0x080001f8   0x00000064   Code   RO          664    .text               mf_w.l(fmul.o)
    0x0800025c   0x0800025c   0x0000007c   Code   RO          666    .text               mf_w.l(fdiv.o)
    0x080002d8   0x080002d8   0x00000012   Code   RO          668    .text               mf_w.l(fflti.o)
    0x080002ea   0x080002ea   0x0000000a   Code   RO          670    .text               mf_w.l(ffltui.o)
    0x080002f4   0x080002f4   0x00000028   Code   RO          672    .text               mf_w.l(ffixui.o)
    0x0800031c   0x0800031c   0x00000000   Code   RO          688    .text               mc_w.l(iusefp.o)
    0x0800031c   0x0800031c   0x0000006e   Code   RO          689    .text               mf_w.l(fepilogue.o)
    0x0800038a   0x0800038a   0x00000002   PAD
    0x0800038c   0x0800038c   0x00000024   Code   RO          691    .text               mc_w.l(init.o)
    0x080003b0   0x080003b0   0x00000004   Code   RO          531    i.BusFault_Handler  stm32f10x_it.o
    0x080003b4   0x080003b4   0x00000002   Code   RO          532    i.DebugMon_Handler  stm32f10x_it.o
    0x080003b6   0x080003b6   0x00000004   Code   RO          533    i.HardFault_Handler  stm32f10x_it.o
    0x080003ba   0x080003ba   0x00000002   PAD
    0x080003bc   0x080003bc   0x00000068   Code   RO          198    i.MYRCC_DeInit      sys.o
    0x08000424   0x08000424   0x00000004   Code   RO          534    i.MemManage_Handler  stm32f10x_it.o
    0x08000428   0x08000428   0x00000012   Code   RO          272    i.NEXT_PLACE        queue.o
    0x0800043a   0x0800043a   0x00000002   Code   RO          535    i.NMI_Handler       stm32f10x_it.o
    0x0800043c   0x0800043c   0x00000002   Code   RO          536    i.PendSV_Handler    stm32f10x_it.o
    0x0800043e   0x0800043e   0x00000008   Code   RO            1    i.PutChar           log.o
    0x08000446   0x08000446   0x00000084   Code   RO            2    i.PutHexa           log.o
    0x080004ca   0x080004ca   0x000000a4   Code   RO            3    i.PutSignedInt      log.o
    0x0800056e   0x0800056e   0x00000018   Code   RO            4    i.PutString         log.o
    0x08000586   0x08000586   0x00000062   Code   RO            5    i.PutUnsignedInt    log.o
    0x080005e8   0x080005e8   0x00000002   Code   RO          537    i.SVC_Handler       stm32f10x_it.o
    0x080005ea   0x080005ea   0x00000008   Code   RO          607    i.SetSysClock       system_stm32f10x.o
    0x080005f2   0x080005f2   0x00000002   PAD
    0x080005f4   0x080005f4   0x000000e0   Code   RO          608    i.SetSysClockTo72   system_stm32f10x.o
    0x080006d4   0x080006d4   0x00000090   Code   RO          199    i.Stm32_Clock_Init  sys.o
    0x08000764   0x08000764   0x00000060   Code   RO          610    i.SystemInit        system_stm32f10x.o
    0x080007c4   0x080007c4   0x00000058   Code   RO          411    i.USART1_IRQHandler  bsp_uart.o
    0x0800081c   0x0800081c   0x00000058   Code   RO          412    i.USART2_IRQHandler  bsp_uart.o
    0x08000874   0x08000874   0x00000004   Code   RO          538    i.UsageFault_Handler  stm32f10x_it.o
    0x08000878   0x08000878   0x00000078   Code   RO          202    i.VD_NVIC_Init      sys.o
    0x080008f0   0x080008f0   0x00000028   Code   RO          203    i.VD_NVIC_PriorityGroupConfig  sys.o
    0x08000918   0x08000918   0x00000014   Code   RO          204    i.VD_NVIC_SetVectorTable  sys.o
    0x0800092c   0x0800092c   0x0000000e   Code   RO          695    i.__scatterload_copy  mc_w.l(handlers.o)
    0x0800093a   0x0800093a   0x00000002   Code   RO          696    i.__scatterload_null  mc_w.l(handlers.o)
    0x0800093c   0x0800093c   0x0000000e   Code   RO          697    i.__scatterload_zeroinit  mc_w.l(handlers.o)
    0x0800094a   0x0800094a   0x00000002   PAD
    0x0800094c   0x0800094c   0x00000028   Code   RO          340    i.bsp_dwt_dalay_init  bsp_dwt.o
    0x08000974   0x08000974   0x00000018   Code   RO          341    i.bsp_dwt_delay_ms  bsp_dwt.o
    0x0800098c   0x0800098c   0x00000018   Code   RO          342    i.bsp_dwt_delay_s   bsp_dwt.o
    0x080009a4   0x080009a4   0x0000002c   Code   RO          343    i.bsp_dwt_delay_us  bsp_dwt.o
    0x080009d0   0x080009d0   0x00000040   Code   RO          273    i.creat_queue       queue.o
    0x08000a10   0x08000a10   0x0000002e   Code   RO            8    i.log_printf        log.o
    0x08000a3e   0x08000a3e   0x00000002   PAD
    0x08000a40   0x08000a40   0x0000001c   Code   RO            9    i.log_send          log.o
    0x08000a5c   0x08000a5c   0x0000003c   Code   RO          641    i.main              main.o
    0x08000a98   0x08000a98   0x00000024   Code   RO          278    i.queue_pull_byte   queue.o
    0x08000abc   0x08000abc   0x00000078   Code   RO          279    i.queue_pull_bytes  queue.o
    0x08000b34   0x08000b34   0x00000022   Code   RO          280    i.queue_push_byte   queue.o
    0x08000b56   0x08000b56   0x00000002   PAD
    0x08000b58   0x08000b58   0x00000078   Code   RO          281    i.queue_push_bytes  queue.o
    0x08000bd0   0x08000bd0   0x0000016e   Code   RO           10    i.t_vsnprintf       log.o
    0x08000d3e   0x08000d3e   0x00000016   Code   RO           11    i.t_vsprintf        log.o
    0x08000d54   0x08000d54   0x000000ac   Code   RO          370    i.vd_bsp_gpio_init  bsp_gpio.o
    0x08000e00   0x08000e00   0x00000092   Code   RO          371    i.vd_bsp_gpio_mode_cfg  bsp_gpio.o
    0x08000e92   0x08000e92   0x00000002   PAD
    0x08000e94   0x08000e94   0x000000e4   Code   RO          373    i.vd_bsp_gpio_write  bsp_gpio.o
    0x08000f78   0x08000f78   0x0000002c   Code   RO          413    i.vd_bsp_usart_ReceiveByte  bsp_uart.o
    0x08000fa4   0x08000fa4   0x0000004c   Code   RO          414    i.vd_bsp_usart_SendByte  bsp_uart.o
    0x08000ff0   0x08000ff0   0x0000001e   Code   RO          416    i.vd_bsp_usart_SendString  bsp_uart.o
    0x0800100e   0x0800100e   0x00000002   PAD
    0x08001010   0x08001010   0x00000114   Code   RO          418    i.vd_bsp_usart_init  bsp_uart.o
    0x08001124   0x08001124   0x00000048   Code   RO          420    i.vd_bsp_usart_register_rx_callback_handle  bsp_uart.o
    0x0800116c   0x0800116c   0x0000002c   Code   RO          421    i.vd_bsp_usart_test  bsp_uart.o
    0x08001198   0x08001198   0x0000002c   Code   RO          422    i.vd_bsp_usart_test_callback_handle  bsp_uart.o
    0x080011c4   0x080011c4   0x00000020   Code   RO          423    i.vd_bsp_usart_test_init  bsp_uart.o
    0x080011e4   0x080011e4   0x00000020   Data   RO          693    Region$$Table       anon$$obj.o


    Execution Region RW_IRAM1 (Exec base: 0x20000000, Load base: 0x08001204, Size: 0x000004f8, Max: 0x00005000, ABSOLUTE)

    Exec Addr    Load Addr    Size         Type   Attr      Idx    E Section Name        Object

    0x20000000   0x08001204   0x00000001   Data   RW           12    .data               log.o
    0x20000001   0x08001205   0x00000003   PAD
    0x20000004   0x08001208   0x00000004   Data   RW          283    .data               queue.o
    0x20000008   0x0800120c   0x00000027   Data   RW          424    .data               bsp_uart.o
    0x2000002f   0x08001233   0x00000001   PAD
    0x20000030        -       0x000000c8   Zero   RW          282    .bss                queue.o
    0x200000f8        -       0x00000400   Zero   RW          524    STACK               startup_stm32f10x_md.o


==============================================================================

Image component sizes


      Code (inc. data)   RO Data    RW Data    ZI Data      Debug   Object Name

       132         16          0          0          0       2385   bsp_dwt.o
       546         38          0          0          0       4995   bsp_gpio.o
       794        118          0         39          0      11864   bsp_uart.o
         0          0          0          0          0         32   core_cm3.o
       888          6          0          1          0     214809   log.o
        60          0          0          0          0        483   main.o
       392        116          0          4        200       4503   queue.o
        36          8        236          0       1024        832   startup_stm32f10x_md.o
        24          0          0          0          0       3656   stm32f10x_it.o
       428         44          0          0          0       2976   sys.o
       328         28          0          0          0       2041   system_stm32f10x.o

    ----------------------------------------------------------------------
      3640        374        268         48       1224     248576   Object Totals
         0          0         32          0          0          0   (incl. Generated)
        12          0          0          4          0          0   (incl. Padding)

    ----------------------------------------------------------------------

      Code (inc. data)   RO Data    RW Data    ZI Data      Debug   Library Member Name

         0          0          0          0          0          0   entry.o
         0          0          0          0          0          0   entry10a.o
         0          0          0          0          0          0   entry11a.o
         8          4          0          0          0          0   entry2.o
         4          0          0          0          0          0   entry5.o
         0          0          0          0          0          0   entry7b.o
         0          0          0          0          0          0   entry8b.o
         8          4          0          0          0          0   entry9a.o
        30          0          0          0          0          0   handlers.o
        36          8          0          0          0         68   init.o
         0          0          0          0          0          0   iusefp.o
        36          0          0          0          0        108   memseta.o
       176          0          0          0          0        140   fadd.o
       124          0          0          0          0         88   fdiv.o
       110          0          0          0          0        168   fepilogue.o
        40          0          0          0          0         68   ffixui.o
        18          0          0          0          0         68   fflti.o
        10          0          0          0          0         68   ffltui.o
       100          0          0          0          0         76   fmul.o

    ----------------------------------------------------------------------
       704         16          0          0          0        852   Library Totals
         4          0          0          0          0          0   (incl. Padding)

    ----------------------------------------------------------------------

      Code (inc. data)   RO Data    RW Data    ZI Data      Debug   Library Name

       122         16          0          0          0        176   mc_w.l
       578          0          0          0          0        676   mf_w.l

    ----------------------------------------------------------------------
       704         16          0          0          0        852   Library Totals

    ----------------------------------------------------------------------

==============================================================================


      Code (inc. data)   RO Data    RW Data    ZI Data      Debug   

      4344        390        268         48       1224     246876   Grand Totals
      4344        390        268         48       1224     246876   ELF Image Totals
      4344        390        268         48          0          0   ROM Totals

==============================================================================

    Total RO  Size (Code + RO Data)                 4612 (   4.50kB)
    Total RW  Size (RW Data + ZI Data)              1272 (   1.24kB)
    Total ROM Size (Code + RO Data + RW Data)       4660 (   4.55kB)

==============================================================================

