Component: ARM Compiler 5.06 update 6 (build 750) Tool: armlink [4d35ed]

==============================================================================

Section Cross References

    vd_bsp_dwt.o(i.vd_bsp_dwt_delay_ms) refers to vd_bsp_dwt.o(i.vd_bsp_dwt_delay_us) for vd_bsp_dwt_delay_us
    vd_bsp_dwt.o(i.vd_bsp_dwt_delay_s) refers to vd_bsp_dwt.o(i.vd_bsp_dwt_delay_ms) for vd_bsp_dwt_delay_ms
    vd_bsp_gpio.o(i.EXTI0_IRQHandler) refers to vd_bsp_gpio.o(i.GPIO_IRQHandler) for GPIO_IRQHandler
    vd_bsp_gpio.o(i.EXTI15_10_IRQHandler) refers to vd_bsp_gpio.o(i.GPIO_IRQHandler) for GPIO_IRQHandler
    vd_bsp_gpio.o(i.EXTI1_IRQHandler) refers to vd_bsp_gpio.o(i.GPIO_IRQHandler) for GPIO_IRQHandler
    vd_bsp_gpio.o(i.EXTI2_IRQHandler) refers to vd_bsp_gpio.o(i.GPIO_IRQHandler) for GPIO_IRQHandler
    vd_bsp_gpio.o(i.EXTI3_IRQHandler) refers to vd_bsp_gpio.o(i.GPIO_IRQHandler) for GPIO_IRQHandler
    vd_bsp_gpio.o(i.EXTI4_IRQHandler) refers to vd_bsp_gpio.o(i.GPIO_IRQHandler) for GPIO_IRQHandler
    vd_bsp_gpio.o(i.EXTI9_5_IRQHandler) refers to vd_bsp_gpio.o(i.GPIO_IRQHandler) for GPIO_IRQHandler
    vd_bsp_gpio.o(i.GPIO_IRQHandler) refers to stm32f10x_exti.o(i.EXTI_GetITStatus) for EXTI_GetITStatus
    vd_bsp_gpio.o(i.GPIO_IRQHandler) refers to log.o(i.log_printf) for log_printf
    vd_bsp_gpio.o(i.GPIO_IRQHandler) refers to stm32f10x_exti.o(i.EXTI_ClearITPendingBit) for EXTI_ClearITPendingBit
    vd_bsp_gpio.o(i.GPIO_IRQHandler) refers to vd_bsp_gpio.o(.data) for pin_irq_hdr_tab
    vd_bsp_gpio.o(i.vd_bsp_gpio_get_irqn) refers to log.o(i.log_printf) for log_printf
    vd_bsp_gpio.o(i.vd_bsp_gpio_get_irqn) refers to vd_bsp_gpio.o(.constdata) for __FUNCTION__
    vd_bsp_gpio.o(i.vd_bsp_gpio_init) refers to stm32f10x_gpio.o(i.GPIO_StructInit) for GPIO_StructInit
    vd_bsp_gpio.o(i.vd_bsp_gpio_init) refers to vd_bsp_gpio.o(i.vd_bsp_get_group_and_pin) for vd_bsp_get_group_and_pin
    vd_bsp_gpio.o(i.vd_bsp_gpio_init) refers to log.o(i.log_printf) for log_printf
    vd_bsp_gpio.o(i.vd_bsp_gpio_init) refers to vd_bsp_gpio.o(i.vd_bsp_gpio_get_PeriphClock) for vd_bsp_gpio_get_PeriphClock
    vd_bsp_gpio.o(i.vd_bsp_gpio_init) refers to stm32f10x_rcc.o(i.RCC_APB2PeriphClockCmd) for RCC_APB2PeriphClockCmd
    vd_bsp_gpio.o(i.vd_bsp_gpio_init) refers to stm32f10x_gpio.o(i.GPIO_Init) for GPIO_Init
    vd_bsp_gpio.o(i.vd_bsp_gpio_init) refers to vd_bsp_gpio.o(.constdata) for __FUNCTION__
    vd_bsp_gpio.o(i.vd_bsp_gpio_irq_switch) refers to log.o(i.log_printf) for log_printf
    vd_bsp_gpio.o(i.vd_bsp_gpio_irq_switch) refers to stm32f10x_gpio.o(i.GPIO_StructInit) for GPIO_StructInit
    vd_bsp_gpio.o(i.vd_bsp_gpio_irq_switch) refers to stm32f10x_exti.o(i.EXTI_StructInit) for EXTI_StructInit
    vd_bsp_gpio.o(i.vd_bsp_gpio_irq_switch) refers to vd_bsp_gpio.o(i.vd_bsp_get_group_and_pin) for vd_bsp_get_group_and_pin
    vd_bsp_gpio.o(i.vd_bsp_gpio_irq_switch) refers to vd_bsp_gpio.o(i.vd_bsp_gpio_get_irqn) for vd_bsp_gpio_get_irqn
    vd_bsp_gpio.o(i.vd_bsp_gpio_irq_switch) refers to vd_bsp_gpio.o(i.vd_bsp_gpio_get_PeriphClock) for vd_bsp_gpio_get_PeriphClock
    vd_bsp_gpio.o(i.vd_bsp_gpio_irq_switch) refers to stm32f10x_rcc.o(i.RCC_APB2PeriphClockCmd) for RCC_APB2PeriphClockCmd
    vd_bsp_gpio.o(i.vd_bsp_gpio_irq_switch) refers to stm32f10x_gpio.o(i.GPIO_Init) for GPIO_Init
    vd_bsp_gpio.o(i.vd_bsp_gpio_irq_switch) refers to stm32f10x_gpio.o(i.GPIO_EXTILineConfig) for GPIO_EXTILineConfig
    vd_bsp_gpio.o(i.vd_bsp_gpio_irq_switch) refers to stm32f10x_exti.o(i.EXTI_Init) for EXTI_Init
    vd_bsp_gpio.o(i.vd_bsp_gpio_irq_switch) refers to misc.o(i.NVIC_Init) for NVIC_Init
    vd_bsp_gpio.o(i.vd_bsp_gpio_irq_switch) refers to vd_bsp_gpio.o(.constdata) for __FUNCTION__
    vd_bsp_gpio.o(i.vd_bsp_gpio_irq_switch) refers to vd_bsp_gpio.o(.conststring) for .conststring
    vd_bsp_gpio.o(i.vd_bsp_gpio_irq_switch) refers to vd_bsp_gpio.o(.data) for pin_irq_hdr_tab
    vd_bsp_gpio.o(i.vd_bsp_gpio_read) refers to vd_bsp_gpio.o(i.vd_bsp_get_group_and_pin) for vd_bsp_get_group_and_pin
    vd_bsp_gpio.o(i.vd_bsp_gpio_read) refers to log.o(i.log_printf) for log_printf
    vd_bsp_gpio.o(i.vd_bsp_gpio_read) refers to stm32f10x_gpio.o(i.GPIO_ReadInputDataBit) for GPIO_ReadInputDataBit
    vd_bsp_gpio.o(i.vd_bsp_gpio_read) refers to vd_bsp_gpio.o(.constdata) for __FUNCTION__
    vd_bsp_gpio.o(i.vd_bsp_gpio_register_irq) refers to log.o(i.log_printf) for log_printf
    vd_bsp_gpio.o(i.vd_bsp_gpio_register_irq) refers to stm32f10x_gpio.o(i.GPIO_StructInit) for GPIO_StructInit
    vd_bsp_gpio.o(i.vd_bsp_gpio_register_irq) refers to vd_bsp_gpio.o(i.vd_bsp_get_group_and_pin) for vd_bsp_get_group_and_pin
    vd_bsp_gpio.o(i.vd_bsp_gpio_register_irq) refers to vd_bsp_gpio.o(i.vd_bsp_gpio_get_PeriphClock) for vd_bsp_gpio_get_PeriphClock
    vd_bsp_gpio.o(i.vd_bsp_gpio_register_irq) refers to stm32f10x_rcc.o(i.RCC_APB2PeriphClockCmd) for RCC_APB2PeriphClockCmd
[...]
    stm32f10x_wwdg.o(i.WWDG_DeInit) refers to stm32f10x_rcc.o(i.RCC_APB1PeriphResetCmd) for RCC_APB1PeriphResetCmd
    system_stm32f10x.o(i.SetSysClock) refers to system_stm32f10x.o(i.SetSysClockTo72) for SetSysClockTo72
    system_stm32f10x.o(i.SystemCoreClockUpdate) refers to system_stm32f10x.o(.data) for SystemCoreClock
    system_stm32f10x.o(i.SystemInit) refers to system_stm32f10x.o(i.SetSysClock) for SetSysClock
    startup_stm32f10x_md.o(RESET) refers to startup_stm32f10x_md.o(STACK) for __initial_sp
    startup_stm32f10x_md.o(RESET) refers to startup_stm32f10x_md.o(.text) for Reset_Handler
    startup_stm32f10x_md.o(RESET) refers to stm32f10x_it.o(i.NMI_Handler) for NMI_Handler
    startup_stm32f10x_md.o(RESET) refers to stm32f10x_it.o(i.HardFault_Handler) for HardFault_Handler
    startup_stm32f10x_md.o(RESET) refers to stm32f10x_it.o(i.MemManage_Handler) for MemManage_Handler
    startup_stm32f10x_md.o(RESET) refers to stm32f10x_it.o(i.BusFault_Handler) for BusFault_Handler
    startup_stm32f10x_md.o(RESET) refers to stm32f10x_it.o(i.UsageFault_Handler) for UsageFault_Handler
    startup_stm32f10x_md.o(RESET) refers to stm32f10x_it.o(i.SVC_Handler) for SVC_Handler
    startup_stm32f10x_md.o(RESET) refers to stm32f10x_it.o(i.DebugMon_Handler) for DebugMon_Handler
    startup_stm32f10x_md.o(RESET) refers to stm32f10x_it.o(i.PendSV_Handler) for PendSV_Handler
    startup_stm32f10x_md.o(RESET) refers to vd_bsp_systick.o(i.SysTick_Handler) for SysTick_Handler
    startup_stm32f10x_md.o(RESET) refers to vd_bsp_gpio.o(i.EXTI0_IRQHandler) for EXTI0_IRQHandler
    startup_stm32f10x_md.o(RESET) refers to vd_bsp_gpio.o(i.EXTI1_IRQHandler) for EXTI1_IRQHandler
    startup_stm32f10x_md.o(RESET) refers to vd_bsp_gpio.o(i.EXTI2_IRQHandler) for EXTI2_IRQHandler
    startup_stm32f10x_md.o(RESET) refers to vd_bsp_gpio.o(i.EXTI3_IRQHandler) for EXTI3_IRQHandler
    startup_stm32f10x_md.o(RESET) refers to vd_bsp_gpio.o(i.EXTI4_IRQHandler) for EXTI4_IRQHandler
    startup_stm32f10x_md.o(RESET) refers to vd_bsp_gpio.o(i.EXTI9_5_IRQHandler) for EXTI9_5_IRQHandler
    startup_stm32f10x_md.o(RESET) refers to vd_bsp_timer.o(i.TIM1_UP_IRQHandler) for TIM1_UP_IRQHandler
    startup_stm32f10x_md.o(RESET) refers to vd_bsp_timer.o(i.TIM2_IRQHandler) for TIM2_IRQHandler
    startup_stm32f10x_md.o(RESET) refers to vd_bsp_uart.o(i.USART1_IRQHandler) for USART1_IRQHandler
    startup_stm32f10x_md.o(RESET) refers to vd_bsp_uart.o(i.USART2_IRQHandler) for USART2_IRQHandler
    startup_stm32f10x_md.o(RESET) refers to vd_bsp_uart.o(i.USART3_IRQHandler) for USART3_IRQHandler
    startup_stm32f10x_md.o(RESET) refers to vd_bsp_gpio.o(i.EXTI15_10_IRQHandler) for EXTI15_10_IRQHandler
    startup_stm32f10x_md.o(.text) refers to system_stm32f10x.o(i.SystemInit) for SystemInit
    startup_stm32f10x_md.o(.text) refers to entry.o(.ARM.Collect$$$$00000000) for __main
    main.o(i.beep_init) refers to vd_fml_per_beep_module.o(i.vd_fml_per_beep_init) for vd_fml_per_beep_init
    main.o(i.beep_init) refers to main.o(.data) for beep_obj_id
    main.o(i.gpio_exti_test) refers to log.o(i.log_printf) for log_printf
    main.o(i.led_init) refers to vd_fml_per_led_module.o(i.vd_fml_per_led_init) for vd_fml_per_led_init
    main.o(i.led_init) refers to main.o(.data) for led_obj_id
    main.o(i.main) refers to main.o(i.vd_hardware_init) for vd_hardware_init
    main.o(i.main) refers to vd_bsp_soft_spi.o(i.vd_bsp_soft_spi_init) for vd_bsp_soft_spi_init
    main.o(i.main) refers to vd_bsp_systick.o(i.vd_bsp_time_differ) for vd_bsp_time_differ
    main.o(i.main) refers to vd_bsp_systick.o(i.vd_bsp_get_now_time) for vd_bsp_get_now_time
    main.o(i.main) refers to vd_bsp_soft_spi.o(i.SPI_Start) for SPI_Start
    main.o(i.main) refers to vd_bsp_soft_spi.o(i.vd_bsp_spi_send_byte) for vd_bsp_spi_send_byte
    main.o(i.main) refers to log.o(i.log_printf) for log_printf
    main.o(i.main) refers to vd_bsp_soft_spi.o(i.SPI_Stop) for SPI_Stop
    main.o(i.main) refers to main.o(.data) for main_timer_s
    main.o(i.timer1_1_test) refers to log.o(i.log_printf) for log_printf
    main.o(i.timer2_1_test) refers to log.o(i.log_printf) for log_printf
    main.o(i.vd_hardware_init) refers to log.o(i.log_init) for log_init
    main.o(i.vd_hardware_init) refers to vd_bsp_dwt.o(i.vd_bsp_dwt_dalay_init) for vd_bsp_dwt_dalay_init
    main.o(i.vd_hardware_init) refers to vd_bsp_systick.o(i.vd_bsp_systick_init) for vd_bsp_systick_init
    main.o(i.vd_hardware_init) refers to log.o(i.log_printf) for log_printf
    entry.o(.ARM.Collect$$$$00000000) refers (Special) to entry10a.o(.ARM.Collect$$$$0000000D) for __rt_final_cpp
    entry.o(.ARM.Collect$$$$00000000) refers (Special) to entry11a.o(.ARM.Collect$$$$0000000F) for __rt_final_exit
    entry.o(.ARM.Collect$$$$00000000) refers (Special) to entry7b.o(.ARM.Collect$$$$00000008) for _main_clock
    entry.o(.ARM.Collect$$$$00000000) refers (Special) to entry8b.o(.ARM.Collect$$$$0000000A) for _main_cpp_init
    entry.o(.ARM.Collect$$$$00000000) refers (Special) to entry9a.o(.ARM.Collect$$$$0000000B) for _main_init
    entry.o(.ARM.Collect$$$$00000000) refers (Special) to entry5.o(.ARM.Collect$$$$00000004) for _main_scatterload
    entry.o(.ARM.Collect$$$$00000000) refers (Special) to entry2.o(.ARM.Collect$$$$00000001) for _main_stk
    entry2.o(.ARM.Collect$$$$00000001) refers to entry2.o(.ARM.Collect$$$$00002712) for __lit__00000000
    entry2.o(.ARM.Collect$$$$00002712) refers to startup_stm32f10x_md.o(STACK) for __initial_sp
    entry2.o(__vectab_stack_and_reset_area) refers to startup_stm32f10x_md.o(STACK) for __initial_sp
    entry2.o(__vectab_stack_and_reset_area) refers to entry.o(.ARM.Collect$$$$00000000) for __main
    entry5.o(.ARM.Collect$$$$00000004) refers to init.o(.text) for __scatterload
    entry9a.o(.ARM.Collect$$$$0000000B) refers to main.o(i.main) for main
    entry9b.o(.ARM.Collect$$$$0000000C) refers to main.o(i.main) for main
    init.o(.text) refers to entry5.o(.ARM.Collect$$$$00000004) for __main_after_scatterload


==============================================================================

Removing Unused input sections from the image.

    Removing vd_bsp_dwt.o(i.vd_bsp_dwt_delay_ms), (24 bytes).
    Removing vd_bsp_dwt.o(i.vd_bsp_dwt_delay_s), (24 bytes).
    Removing vd_bsp_dwt.o(i.vd_bsp_dwt_delay_us), (44 bytes).
    Removing vd_bsp_gpio.o(i.vd_bsp_gpio_get_irqn), (140 bytes).
    Removing vd_bsp_gpio.o(i.vd_bsp_gpio_irq_switch), (756 bytes).
    Removing vd_bsp_gpio.o(i.vd_bsp_gpio_register_irq), (396 bytes).
    Removing vd_bsp_gpio.o(i.vd_bsp_gpio_unregister_irq), (148 bytes).
    Removing vd_bsp_gpio.o(.conststring), (162 bytes).
    Removing vd_bsp_pwm.o(i.vd_bsp_TIM_OC1Init), (188 bytes).
    Removing vd_bsp_pwm.o(i.vd_bsp_TIM_SetCompare), (156 bytes).
    Removing vd_bsp_pwm.o(i.vd_bsp_pwm_fake_gpio_set_value), (46 bytes).
    Removing vd_bsp_pwm.o(i.vd_bsp_pwm_find_map_id), (184 bytes).
    Removing vd_bsp_pwm.o(i.vd_bsp_pwm_init), (676 bytes).
    Removing vd_bsp_pwm.o(i.vd_bsp_pwm_set_duty), (36 bytes).
    Removing vd_bsp_pwm.o(i.vd_bsp_pwm_start), (48 bytes).
    Removing vd_bsp_pwm.o(i.vd_bsp_pwm_stop), (64 bytes).
    Removing vd_bsp_pwm.o(.bss), (80 bytes).
    Removing vd_bsp_pwm.o(.constdata), (39 bytes).
    Removing vd_bsp_pwm.o(.conststring), (66 bytes).
    Removing vd_bsp_pwm.o(.data), (100 bytes).
    Removing vd_bsp_uart.o(i.vd_bsp_usart_ReceiveByte), (48 bytes).
    Removing vd_bsp_uart.o(i.vd_bsp_usart_SendBytes), (36 bytes).
    Removing vd_bsp_uart.o(i.vd_bsp_usart_get_receive_data_len), (16 bytes).
    Removing vd_bsp_uart.o(i.vd_bsp_usart_read_bytes), (18 bytes).
    Removing vd_bsp_uart.o(i.vd_bsp_usart_register_rx_callback_handle), (72 bytes).
    Removing vd_bsp_adc.o(i.vd_bsp_adc_init), (452 bytes).
    Removing vd_bsp_adc.o(i.vd_bsp_adc_read_mv), (68 bytes).
    Removing vd_bsp_adc.o(i.vd_bsp_adc_read_value), (168 bytes).
    Removing vd_bsp_adc.o(.bss), (128 bytes).
    Removing vd_bsp_adc.o(.constdata), (16 bytes).
    Removing vd_bsp_adc.o(.conststring), (71 bytes).
    Removing vd_bsp_soft_i2c.o(i.IIC_Ack), (64 bytes).
    Removing vd_bsp_soft_i2c.o(i.IIC_NAck), (64 bytes).
    Removing vd_bsp_soft_i2c.o(i.IIC_RecvByte), (88 bytes).
    Removing vd_bsp_soft_i2c.o(i.IIC_SendByte), (100 bytes).
    Removing vd_bsp_soft_i2c.o(i.IIC_Start), (64 bytes).
    Removing vd_bsp_soft_i2c.o(i.IIC_Stop), (64 bytes).
    Removing vd_bsp_soft_i2c.o(i.IIC_WaitAck), (128 bytes).
    Removing vd_bsp_soft_i2c.o(i.vd_bsp_soft_i2c_init), (216 bytes).
    Removing vd_bsp_soft_i2c.o(i.vd_bsp_soft_i2c_read_byte), (112 bytes).
    Removing vd_bsp_soft_i2c.o(i.vd_bsp_soft_i2c_read_bytes), (140 bytes).
    Removing vd_bsp_soft_i2c.o(i.vd_bsp_soft_i2c_write_byte), (96 bytes).
    Removing vd_bsp_soft_i2c.o(i.vd_bsp_soft_i2c_write_bytes), (124 bytes).
    Removing vd_bsp_soft_i2c.o(.constdata), (21 bytes).
    Removing vd_bsp_soft_i2c.o(.data), (4 bytes).
    Removing vd_bsp_soft_spi.o(i.vd_bsp_soft_spi_add_slave_dev), (292 bytes).
    Removing vd_bsp_timer.o(i.vd_bsp_find_timer_obj_id), (96 bytes).
    Removing vd_bsp_timer.o(i.vd_bsp_timer_close), (212 bytes).
    Removing vd_bsp_timer.o(i.vd_bsp_timer_init), (672 bytes).
    Removing vd_bsp_timer.o(i.vd_bsp_timer_open), (220 bytes).
    Removing vd_bsp_timer.o(.constdata), (55 bytes).
    Removing vd_fml_per_beep_module.o(i.vd_beep_off), (56 bytes).
    Removing vd_fml_per_beep_module.o(i.vd_beep_on), (56 bytes).
    Removing vd_fml_per_beep_module.o(i.vd_fml_per_beep_init), (636 bytes).
    Removing vd_fml_per_beep_module.o(i.vd_fml_per_beep_loop), (512 bytes).
    Removing vd_fml_per_beep_module.o(i.vd_fml_pre_beep_control), (152 bytes).
    Removing vd_fml_per_beep_module.o(.bss), (24 bytes).
    Removing vd_fml_per_beep_module.o(.constdata), (45 bytes).
    Removing vd_fml_per_beep_module.o(.conststring), (154 bytes).
    Removing vd_fml_per_beep_module.o(.data), (2 bytes).
    Removing vd_fml_per_led_module.o(i.vd_fml_per_led_breathe), (228 bytes).
    Removing vd_fml_per_led_module.o(i.vd_fml_per_led_flick), (352 bytes).
    Removing vd_fml_per_led_module.o(i.vd_fml_per_led_init), (664 bytes).
    Removing vd_fml_per_led_module.o(i.vd_fml_per_led_loop), (328 bytes).
    Removing vd_fml_per_led_module.o(i.vd_fml_per_led_off), (168 bytes).
    Removing vd_fml_per_led_module.o(i.vd_fml_per_led_on), (172 bytes).
    Removing vd_fml_per_led_module.o(i.vd_led_off), (68 bytes).
    Removing vd_fml_per_led_module.o(i.vd_led_on), (68 bytes).
    Removing vd_fml_per_led_module.o(.bss), (200 bytes).
    Removing vd_fml_per_led_module.o(.constdata), (101 bytes).
    Removing vd_fml_per_led_module.o(.conststring), (68 bytes).
    Removing vd_fml_per_led_module.o(.data), (3 bytes).
    Removing log.o(i.log_itoa), (192 bytes).
    Removing misc.o(i.NVIC_SetVectorTable), (20 bytes).
    Removing misc.o(i.NVIC_SystemLPConfig), (32 bytes).
    Removing misc.o(i.SysTick_CLKSourceConfig), (40 bytes).
    Removing stm32f10x_adc.o(i.ADC_AnalogWatchdogCmd), (20 bytes).
    Removing stm32f10x_adc.o(i.ADC_AnalogWatchdogSingleChannelConfig), (16 bytes).
    Removing stm32f10x_adc.o(i.ADC_AnalogWatchdogThresholdsConfig), (6 bytes).
    Removing stm32f10x_adc.o(i.ADC_AutoInjectedConvCmd), (22 bytes).
    Removing stm32f10x_adc.o(i.ADC_ClearFlag), (6 bytes).
    Removing stm32f10x_adc.o(i.ADC_ClearITPendingBit), (10 bytes).
    Removing stm32f10x_adc.o(i.ADC_Cmd), (22 bytes).
    Removing stm32f10x_adc.o(i.ADC_DMACmd), (22 bytes).
    Removing stm32f10x_adc.o(i.ADC_DeInit), (92 bytes).
    Removing stm32f10x_adc.o(i.ADC_DiscModeChannelCountConfig), (24 bytes).
    Removing stm32f10x_adc.o(i.ADC_DiscModeCmd), (22 bytes).
    Removing stm32f10x_adc.o(i.ADC_ExternalTrigConvCmd), (22 bytes).
    Removing stm32f10x_adc.o(i.ADC_ExternalTrigInjectedConvCmd), (22 bytes).
    Removing stm32f10x_adc.o(i.ADC_ExternalTrigInjectedConvConfig), (16 bytes).
    Removing stm32f10x_adc.o(i.ADC_GetCalibrationStatus), (20 bytes).
    Removing stm32f10x_adc.o(i.ADC_GetConversionValue), (8 bytes).
    Removing stm32f10x_adc.o(i.ADC_GetDualModeConversionValue), (12 bytes).
    Removing stm32f10x_adc.o(i.ADC_GetFlagStatus), (18 bytes).
    Removing stm32f10x_adc.o(i.ADC_GetITStatus), (36 bytes).
    Removing stm32f10x_adc.o(i.ADC_GetInjectedConversionValue), (28 bytes).
    Removing stm32f10x_adc.o(i.ADC_GetResetCalibrationStatus), (20 bytes).
    Removing stm32f10x_adc.o(i.ADC_GetSoftwareStartConvStatus), (20 bytes).
    Removing stm32f10x_adc.o(i.ADC_GetSoftwareStartInjectedConvCmdStatus), (20 bytes).
    Removing stm32f10x_adc.o(i.ADC_ITConfig), (24 bytes).
    Removing stm32f10x_adc.o(i.ADC_Init), (80 bytes).
    Removing stm32f10x_adc.o(i.ADC_InjectedChannelConfig), (130 bytes).
    Removing stm32f10x_adc.o(i.ADC_InjectedDiscModeCmd), (22 bytes).
    Removing stm32f10x_adc.o(i.ADC_InjectedSequencerLengthConfig), (24 bytes).
    Removing stm32f10x_adc.o(i.ADC_RegularChannelConfig), (184 bytes).
    Removing stm32f10x_adc.o(i.ADC_ResetCalibration), (10 bytes).
    Removing stm32f10x_adc.o(i.ADC_SetInjectedOffset), (20 bytes).
    Removing stm32f10x_adc.o(i.ADC_SoftwareStartConvCmd), (22 bytes).
    Removing stm32f10x_adc.o(i.ADC_SoftwareStartInjectedConvCmd), (22 bytes).
    Removing stm32f10x_adc.o(i.ADC_StartCalibration), (10 bytes).
    Removing stm32f10x_adc.o(i.ADC_StructInit), (18 bytes).
    Removing stm32f10x_adc.o(i.ADC_TempSensorVrefintCmd), (36 bytes).
    Removing stm32f10x_bkp.o(i.BKP_ClearFlag), (20 bytes).
    Removing stm32f10x_bkp.o(i.BKP_ClearITPendingBit), (20 bytes).
    Removing stm32f10x_bkp.o(i.BKP_DeInit), (16 bytes).
    Removing stm32f10x_bkp.o(i.BKP_GetFlagStatus), (12 bytes).
    Removing stm32f10x_bkp.o(i.BKP_GetITStatus), (12 bytes).
    Removing stm32f10x_bkp.o(i.BKP_ITConfig), (12 bytes).
    Removing stm32f10x_bkp.o(i.BKP_RTCOutputConfig), (28 bytes).
    Removing stm32f10x_bkp.o(i.BKP_ReadBackupRegister), (28 bytes).
    Removing stm32f10x_bkp.o(i.BKP_SetRTCCalibrationValue), (28 bytes).
    Removing stm32f10x_bkp.o(i.BKP_TamperPinCmd), (12 bytes).
    Removing stm32f10x_bkp.o(i.BKP_TamperPinLevelConfig), (12 bytes).
    Removing stm32f10x_bkp.o(i.BKP_WriteBackupRegister), (28 bytes).
    Removing stm32f10x_can.o(i.CAN_CancelTransmit), (48 bytes).
    Removing stm32f10x_can.o(i.CAN_ClearFlag), (56 bytes).
    Removing stm32f10x_can.o(i.CAN_ClearITPendingBit), (168 bytes).
    Removing stm32f10x_can.o(i.CAN_DBGFreeze), (22 bytes).
    Removing stm32f10x_can.o(i.CAN_DeInit), (56 bytes).
    Removing stm32f10x_can.o(i.CAN_FIFORelease), (22 bytes).
    Removing stm32f10x_can.o(i.CAN_FilterInit), (264 bytes).
    Removing stm32f10x_can.o(i.CAN_GetFlagStatus), (120 bytes).
    Removing stm32f10x_can.o(i.CAN_GetITStatus), (288 bytes).
    Removing stm32f10x_can.o(i.CAN_GetLSBTransmitErrorCounter), (12 bytes).
    Removing stm32f10x_can.o(i.CAN_GetLastErrorCode), (12 bytes).
    Removing stm32f10x_can.o(i.CAN_GetReceiveErrorCounter), (10 bytes).
    Removing stm32f10x_can.o(i.CAN_ITConfig), (18 bytes).
    Removing stm32f10x_can.o(i.CAN_Init), (276 bytes).
    Removing stm32f10x_can.o(i.CAN_MessagePending), (30 bytes).
    Removing stm32f10x_can.o(i.CAN_OperatingModeRequest), (162 bytes).
    Removing stm32f10x_can.o(i.CAN_Receive), (240 bytes).
    Removing stm32f10x_can.o(i.CAN_SlaveStartBank), (52 bytes).
    Removing stm32f10x_can.o(i.CAN_Sleep), (30 bytes).
    Removing stm32f10x_can.o(i.CAN_StructInit), (32 bytes).
    Removing stm32f10x_can.o(i.CAN_TTComModeCmd), (118 bytes).
    Removing stm32f10x_can.o(i.CAN_Transmit), (294 bytes).
    Removing stm32f10x_can.o(i.CAN_TransmitStatus), (160 bytes).
    Removing stm32f10x_can.o(i.CAN_WakeUp), (48 bytes).
    Removing stm32f10x_can.o(i.CheckITStatus), (18 bytes).
    Removing stm32f10x_cec.o(i.CEC_ClearFlag), (36 bytes).
    Removing stm32f10x_cec.o(i.CEC_ClearITPendingBit), (36 bytes).
    Removing stm32f10x_cec.o(i.CEC_Cmd), (32 bytes).
    Removing stm32f10x_cec.o(i.CEC_DeInit), (22 bytes).
    Removing stm32f10x_cec.o(i.CEC_EndOfMessageCmd), (12 bytes).
    Removing stm32f10x_cec.o(i.CEC_GetFlagStatus), (48 bytes).
    Removing stm32f10x_cec.o(i.CEC_GetITStatus), (40 bytes).
    Removing stm32f10x_cec.o(i.CEC_ITConfig), (12 bytes).
    Removing stm32f10x_cec.o(i.CEC_Init), (32 bytes).
    Removing stm32f10x_cec.o(i.CEC_OwnAddressConfig), (12 bytes).
    Removing stm32f10x_cec.o(i.CEC_ReceiveDataByte), (12 bytes).
    Removing stm32f10x_cec.o(i.CEC_SendDataByte), (12 bytes).
    Removing stm32f10x_cec.o(i.CEC_SetPrescaler), (12 bytes).
    Removing stm32f10x_cec.o(i.CEC_StartOfMessage), (12 bytes).
    Removing stm32f10x_crc.o(i.CRC_CalcBlockCRC), (36 bytes).
    Removing stm32f10x_crc.o(i.CRC_CalcCRC), (16 bytes).
    Removing stm32f10x_crc.o(i.CRC_GetCRC), (12 bytes).
    Removing stm32f10x_crc.o(i.CRC_GetIDRegister), (12 bytes).
    Removing stm32f10x_crc.o(i.CRC_ResetDR), (12 bytes).
    Removing stm32f10x_crc.o(i.CRC_SetIDRegister), (12 bytes).
    Removing stm32f10x_dac.o(i.DAC_Cmd), (40 bytes).
    Removing stm32f10x_dac.o(i.DAC_DMACmd), (44 bytes).
    Removing stm32f10x_dac.o(i.DAC_DeInit), (22 bytes).
    Removing stm32f10x_dac.o(i.DAC_DualSoftwareTriggerCmd), (36 bytes).
    Removing stm32f10x_dac.o(i.DAC_GetDataOutputValue), (36 bytes).
    Removing stm32f10x_dac.o(i.DAC_Init), (52 bytes).
    Removing stm32f10x_dac.o(i.DAC_SetChannel1Data), (32 bytes).
    Removing stm32f10x_dac.o(i.DAC_SetChannel2Data), (32 bytes).
    Removing stm32f10x_dac.o(i.DAC_SetDualChannelData), (36 bytes).
    Removing stm32f10x_dac.o(i.DAC_SoftwareTriggerCmd), (44 bytes).
    Removing stm32f10x_dac.o(i.DAC_StructInit), (12 bytes).
    Removing stm32f10x_dac.o(i.DAC_WaveGenerationCmd), (40 bytes).
    Removing stm32f10x_dbgmcu.o(i.DBGMCU_Config), (32 bytes).
    Removing stm32f10x_dbgmcu.o(i.DBGMCU_GetDEVID), (16 bytes).
    Removing stm32f10x_dbgmcu.o(i.DBGMCU_GetREVID), (12 bytes).
    Removing stm32f10x_dma.o(i.DMA_ClearFlag), (28 bytes).
    Removing stm32f10x_dma.o(i.DMA_ClearITPendingBit), (28 bytes).
    Removing stm32f10x_dma.o(i.DMA_Cmd), (24 bytes).
    Removing stm32f10x_dma.o(i.DMA_DeInit), (332 bytes).
    Removing stm32f10x_dma.o(i.DMA_GetCurrDataCounter), (8 bytes).
    Removing stm32f10x_dma.o(i.DMA_GetFlagStatus), (44 bytes).
    Removing stm32f10x_dma.o(i.DMA_GetITStatus), (44 bytes).
    Removing stm32f10x_dma.o(i.DMA_ITConfig), (18 bytes).
    Removing stm32f10x_dma.o(i.DMA_Init), (60 bytes).
    Removing stm32f10x_dma.o(i.DMA_SetCurrDataCounter), (4 bytes).
    Removing stm32f10x_dma.o(i.DMA_StructInit), (26 bytes).
    Removing stm32f10x_exti.o(i.EXTI_ClearFlag), (12 bytes).
    Removing stm32f10x_exti.o(i.EXTI_DeInit), (36 bytes).
    Removing stm32f10x_exti.o(i.EXTI_GenerateSWInterrupt), (16 bytes).
    Removing stm32f10x_exti.o(i.EXTI_GetFlagStatus), (24 bytes).
    Removing stm32f10x_exti.o(i.EXTI_Init), (148 bytes).
    Removing stm32f10x_exti.o(i.EXTI_StructInit), (16 bytes).
    Removing stm32f10x_flash.o(i.FLASH_ClearFlag), (12 bytes).
    Removing stm32f10x_flash.o(i.FLASH_EnableWriteProtection), (196 bytes).
    Removing stm32f10x_flash.o(i.FLASH_EraseAllBank1Pages), (72 bytes).
    Removing stm32f10x_flash.o(i.FLASH_EraseAllPages), (72 bytes).
    Removing stm32f10x_flash.o(i.FLASH_EraseOptionBytes), (168 bytes).
    Removing stm32f10x_flash.o(i.FLASH_ErasePage), (76 bytes).
    Removing stm32f10x_flash.o(i.FLASH_GetBank1Status), (52 bytes).
    Removing stm32f10x_flash.o(i.FLASH_GetFlagStatus), (48 bytes).
    Removing stm32f10x_flash.o(i.FLASH_GetPrefetchBufferStatus), (24 bytes).
    Removing stm32f10x_flash.o(i.FLASH_GetReadOutProtectionStatus), (24 bytes).
    Removing stm32f10x_flash.o(i.FLASH_GetStatus), (52 bytes).
    Removing stm32f10x_flash.o(i.FLASH_GetUserOptionByte), (12 bytes).
    Removing stm32f10x_flash.o(i.FLASH_GetWriteProtectionOptionByte), (12 bytes).
    Removing stm32f10x_flash.o(i.FLASH_HalfCycleAccessCmd), (28 bytes).
    Removing stm32f10x_flash.o(i.FLASH_ITConfig), (32 bytes).
    Removing stm32f10x_flash.o(i.FLASH_Lock), (20 bytes).
    Removing stm32f10x_flash.o(i.FLASH_LockBank1), (20 bytes).
    Removing stm32f10x_flash.o(i.FLASH_PrefetchBufferCmd), (28 bytes).
    Removing stm32f10x_flash.o(i.FLASH_ProgramHalfWord), (64 bytes).
    Removing stm32f10x_flash.o(i.FLASH_ProgramOptionByteData), (84 bytes).
    Removing stm32f10x_flash.o(i.FLASH_ProgramWord), (108 bytes).
    Removing stm32f10x_flash.o(i.FLASH_ReadOutProtection), (172 bytes).
    Removing stm32f10x_flash.o(i.FLASH_SetLatency), (24 bytes).
    Removing stm32f10x_flash.o(i.FLASH_Unlock), (24 bytes).
    Removing stm32f10x_flash.o(i.FLASH_UnlockBank1), (24 bytes).
    Removing stm32f10x_flash.o(i.FLASH_UserOptionByteConfig), (104 bytes).
    Removing stm32f10x_flash.o(i.FLASH_WaitForLastBank1Operation), (38 bytes).
    Removing stm32f10x_flash.o(i.FLASH_WaitForLastOperation), (38 bytes).
    Removing stm32f10x_fsmc.o(i.FSMC_ClearFlag), (64 bytes).
    Removing stm32f10x_fsmc.o(i.FSMC_ClearITPendingBit), (72 bytes).
    Removing stm32f10x_fsmc.o(i.FSMC_GetECC), (28 bytes).
    Removing stm32f10x_fsmc.o(i.FSMC_GetFlagStatus), (56 bytes).
    Removing stm32f10x_fsmc.o(i.FSMC_GetITStatus), (68 bytes).
    Removing stm32f10x_fsmc.o(i.FSMC_ITConfig), (128 bytes).
    Removing stm32f10x_fsmc.o(i.FSMC_NANDCmd), (92 bytes).
    Removing stm32f10x_fsmc.o(i.FSMC_NANDDeInit), (68 bytes).
    Removing stm32f10x_fsmc.o(i.FSMC_NANDECCCmd), (92 bytes).
    Removing stm32f10x_fsmc.o(i.FSMC_NANDInit), (136 bytes).
    Removing stm32f10x_fsmc.o(i.FSMC_NANDStructInit), (54 bytes).
    Removing stm32f10x_fsmc.o(i.FSMC_NORSRAMCmd), (52 bytes).
    Removing stm32f10x_fsmc.o(i.FSMC_NORSRAMDeInit), (54 bytes).
    Removing stm32f10x_fsmc.o(i.FSMC_NORSRAMInit), (230 bytes).
    Removing stm32f10x_fsmc.o(i.FSMC_NORSRAMStructInit), (114 bytes).
    Removing stm32f10x_fsmc.o(i.FSMC_PCCARDCmd), (48 bytes).
    Removing stm32f10x_fsmc.o(i.FSMC_PCCARDDeInit), (40 bytes).
    Removing stm32f10x_fsmc.o(i.FSMC_PCCARDInit), (132 bytes).
    Removing stm32f10x_fsmc.o(i.FSMC_PCCARDStructInit), (60 bytes).
    Removing stm32f10x_gpio.o(i.GPIO_AFIODeInit), (20 bytes).
    Removing stm32f10x_gpio.o(i.GPIO_DeInit), (200 bytes).
    Removing stm32f10x_gpio.o(i.GPIO_ETH_MediaInterfaceConfig), (12 bytes).
    Removing stm32f10x_gpio.o(i.GPIO_EXTILineConfig), (64 bytes).
    Removing stm32f10x_gpio.o(i.GPIO_EventOutputCmd), (12 bytes).
    Removing stm32f10x_gpio.o(i.GPIO_EventOutputConfig), (32 bytes).
    Removing stm32f10x_gpio.o(i.GPIO_PinLockConfig), (18 bytes).
    Removing stm32f10x_gpio.o(i.GPIO_ReadInputData), (8 bytes).
    Removing stm32f10x_gpio.o(i.GPIO_ReadOutputData), (8 bytes).
    Removing stm32f10x_gpio.o(i.GPIO_ReadOutputDataBit), (18 bytes).
    Removing stm32f10x_gpio.o(i.GPIO_ResetBits), (4 bytes).
    Removing stm32f10x_gpio.o(i.GPIO_SetBits), (4 bytes).
    Removing stm32f10x_gpio.o(i.GPIO_Write), (4 bytes).
    Removing stm32f10x_i2c.o(i.I2C_ARPCmd), (24 bytes).
    Removing stm32f10x_i2c.o(i.I2C_AcknowledgeConfig), (24 bytes).
    Removing stm32f10x_i2c.o(i.I2C_CalculatePEC), (24 bytes).
    Removing stm32f10x_i2c.o(i.I2C_CheckEvent), (42 bytes).
    Removing stm32f10x_i2c.o(i.I2C_ClearFlag), (12 bytes).
    Removing stm32f10x_i2c.o(i.I2C_ClearITPendingBit), (12 bytes).
    Removing stm32f10x_i2c.o(i.I2C_Cmd), (24 bytes).
    Removing stm32f10x_i2c.o(i.I2C_DMACmd), (24 bytes).
    Removing stm32f10x_i2c.o(i.I2C_DMALastTransferCmd), (24 bytes).
    Removing stm32f10x_i2c.o(i.I2C_DeInit), (56 bytes).
    Removing stm32f10x_i2c.o(i.I2C_DualAddressCmd), (24 bytes).
    Removing stm32f10x_i2c.o(i.I2C_FastModeDutyCycleConfig), (28 bytes).
    Removing stm32f10x_i2c.o(i.I2C_GeneralCallCmd), (24 bytes).
    Removing stm32f10x_i2c.o(i.I2C_GenerateSTART), (24 bytes).
    Removing stm32f10x_i2c.o(i.I2C_GenerateSTOP), (24 bytes).
    Removing stm32f10x_i2c.o(i.I2C_GetFlagStatus), (58 bytes).
    Removing stm32f10x_i2c.o(i.I2C_GetITStatus), (38 bytes).
    Removing stm32f10x_i2c.o(i.I2C_GetLastEvent), (26 bytes).
    Removing stm32f10x_i2c.o(i.I2C_GetPEC), (8 bytes).
    Removing stm32f10x_i2c.o(i.I2C_ITConfig), (18 bytes).
    Removing stm32f10x_i2c.o(i.I2C_Init), (236 bytes).
    Removing stm32f10x_i2c.o(i.I2C_NACKPositionConfig), (28 bytes).
    Removing stm32f10x_i2c.o(i.I2C_OwnAddress2Config), (22 bytes).
    Removing stm32f10x_i2c.o(i.I2C_PECPositionConfig), (28 bytes).
    Removing stm32f10x_i2c.o(i.I2C_ReadRegister), (22 bytes).
    Removing stm32f10x_i2c.o(i.I2C_ReceiveData), (8 bytes).
    Removing stm32f10x_i2c.o(i.I2C_SMBusAlertConfig), (28 bytes).
    Removing stm32f10x_i2c.o(i.I2C_Send7bitAddress), (18 bytes).
    Removing stm32f10x_i2c.o(i.I2C_SendData), (4 bytes).
    Removing stm32f10x_i2c.o(i.I2C_SoftwareResetCmd), (22 bytes).
    Removing stm32f10x_i2c.o(i.I2C_StretchClockCmd), (24 bytes).
    Removing stm32f10x_i2c.o(i.I2C_StructInit), (30 bytes).
    Removing stm32f10x_i2c.o(i.I2C_TransmitPEC), (24 bytes).
    Removing stm32f10x_iwdg.o(i.IWDG_Enable), (16 bytes).
    Removing stm32f10x_iwdg.o(i.IWDG_GetFlagStatus), (24 bytes).
    Removing stm32f10x_iwdg.o(i.IWDG_ReloadCounter), (16 bytes).
    Removing stm32f10x_iwdg.o(i.IWDG_SetPrescaler), (12 bytes).
    Removing stm32f10x_iwdg.o(i.IWDG_SetReload), (12 bytes).
    Removing stm32f10x_iwdg.o(i.IWDG_WriteAccessCmd), (12 bytes).
    Removing stm32f10x_pwr.o(i.PWR_BackupAccessCmd), (12 bytes).
    Removing stm32f10x_pwr.o(i.PWR_ClearFlag), (20 bytes).
    Removing stm32f10x_pwr.o(i.PWR_DeInit), (22 bytes).
    Removing stm32f10x_pwr.o(i.PWR_EnterSTANDBYMode), (52 bytes).
    Removing stm32f10x_pwr.o(i.PWR_EnterSTOPMode), (64 bytes).
    Removing stm32f10x_pwr.o(i.PWR_GetFlagStatus), (24 bytes).
    Removing stm32f10x_pwr.o(i.PWR_PVDCmd), (12 bytes).
    Removing stm32f10x_pwr.o(i.PWR_PVDLevelConfig), (24 bytes).
    Removing stm32f10x_pwr.o(i.PWR_WakeUpPinCmd), (12 bytes).
    Removing stm32f10x_rcc.o(i.RCC_ADCCLKConfig), (24 bytes).
    Removing stm32f10x_rcc.o(i.RCC_AHBPeriphClockCmd), (32 bytes).
    Removing stm32f10x_rcc.o(i.RCC_APB1PeriphResetCmd), (32 bytes).
    Removing stm32f10x_rcc.o(i.RCC_APB2PeriphResetCmd), (32 bytes).
    Removing stm32f10x_rcc.o(i.RCC_AdjustHSICalibrationValue), (24 bytes).
    Removing stm32f10x_rcc.o(i.RCC_BackupResetCmd), (12 bytes).
    Removing stm32f10x_rcc.o(i.RCC_ClearFlag), (20 bytes).
    Removing stm32f10x_rcc.o(i.RCC_ClearITPendingBit), (12 bytes).
    Removing stm32f10x_rcc.o(i.RCC_ClockSecuritySystemCmd), (12 bytes).
    Removing stm32f10x_rcc.o(i.RCC_DeInit), (76 bytes).
    Removing stm32f10x_rcc.o(i.RCC_GetFlagStatus), (60 bytes).
    Removing stm32f10x_rcc.o(i.RCC_GetITStatus), (24 bytes).
    Removing stm32f10x_rcc.o(i.RCC_GetSYSCLKSource), (16 bytes).
    Removing stm32f10x_rcc.o(i.RCC_HCLKConfig), (24 bytes).
    Removing stm32f10x_rcc.o(i.RCC_HSEConfig), (76 bytes).
    Removing stm32f10x_rcc.o(i.RCC_HSICmd), (12 bytes).
    Removing stm32f10x_rcc.o(i.RCC_ITConfig), (32 bytes).
    Removing stm32f10x_rcc.o(i.RCC_LSEConfig), (52 bytes).
    Removing stm32f10x_rcc.o(i.RCC_LSICmd), (12 bytes).
    Removing stm32f10x_rcc.o(i.RCC_MCOConfig), (12 bytes).
    Removing stm32f10x_rcc.o(i.RCC_PCLK1Config), (24 bytes).
    Removing stm32f10x_rcc.o(i.RCC_PCLK2Config), (24 bytes).
    Removing stm32f10x_rcc.o(i.RCC_PLLCmd), (12 bytes).
    Removing stm32f10x_rcc.o(i.RCC_PLLConfig), (28 bytes).
    Removing stm32f10x_rcc.o(i.RCC_RTCCLKCmd), (12 bytes).
    Removing stm32f10x_rcc.o(i.RCC_RTCCLKConfig), (16 bytes).
    Removing stm32f10x_rcc.o(i.RCC_SYSCLKConfig), (24 bytes).
    Removing stm32f10x_rcc.o(i.RCC_USBCLKConfig), (12 bytes).
    Removing stm32f10x_rcc.o(i.RCC_WaitForHSEStartUp), (56 bytes).
    Removing stm32f10x_rtc.o(i.RTC_ClearFlag), (16 bytes).
    Removing stm32f10x_rtc.o(i.RTC_ClearITPendingBit), (16 bytes).
    Removing stm32f10x_rtc.o(i.RTC_EnterConfigMode), (20 bytes).
    Removing stm32f10x_rtc.o(i.RTC_ExitConfigMode), (20 bytes).
    Removing stm32f10x_rtc.o(i.RTC_GetCounter), (20 bytes).
    Removing stm32f10x_rtc.o(i.RTC_GetDivider), (24 bytes).
    Removing stm32f10x_rtc.o(i.RTC_GetFlagStatus), (24 bytes).
    Removing stm32f10x_rtc.o(i.RTC_GetITStatus), (36 bytes).
    Removing stm32f10x_rtc.o(i.RTC_ITConfig), (32 bytes).
    Removing stm32f10x_rtc.o(i.RTC_SetAlarm), (28 bytes).
    Removing stm32f10x_rtc.o(i.RTC_SetCounter), (28 bytes).
    Removing stm32f10x_rtc.o(i.RTC_SetPrescaler), (32 bytes).
    Removing stm32f10x_rtc.o(i.RTC_WaitForLastTask), (20 bytes).
    Removing stm32f10x_rtc.o(i.RTC_WaitForSynchro), (36 bytes).
    Removing stm32f10x_sdio.o(i.SDIO_CEATAITCmd), (16 bytes).
    Removing stm32f10x_sdio.o(i.SDIO_ClearFlag), (12 bytes).
    Removing stm32f10x_sdio.o(i.SDIO_ClearITPendingBit), (12 bytes).
    Removing stm32f10x_sdio.o(i.SDIO_ClockCmd), (12 bytes).
    Removing stm32f10x_sdio.o(i.SDIO_CmdStructInit), (14 bytes).
    Removing stm32f10x_sdio.o(i.SDIO_CommandCompletionCmd), (12 bytes).
    Removing stm32f10x_sdio.o(i.SDIO_DMACmd), (12 bytes).
    Removing stm32f10x_sdio.o(i.SDIO_DataConfig), (48 bytes).
    Removing stm32f10x_sdio.o(i.SDIO_DataStructInit), (20 bytes).
    Removing stm32f10x_sdio.o(i.SDIO_DeInit), (36 bytes).
    Removing stm32f10x_sdio.o(i.SDIO_GetCommandResponse), (12 bytes).
    Removing stm32f10x_sdio.o(i.SDIO_GetDataCounter), (12 bytes).
    Removing stm32f10x_sdio.o(i.SDIO_GetFIFOCount), (12 bytes).
    Removing stm32f10x_sdio.o(i.SDIO_GetFlagStatus), (24 bytes).
    Removing stm32f10x_sdio.o(i.SDIO_GetITStatus), (24 bytes).
    Removing stm32f10x_sdio.o(i.SDIO_GetPowerState), (16 bytes).
    Removing stm32f10x_sdio.o(i.SDIO_GetResponse), (24 bytes).
    Removing stm32f10x_sdio.o(i.SDIO_ITConfig), (32 bytes).
    Removing stm32f10x_sdio.o(i.SDIO_Init), (48 bytes).
    Removing stm32f10x_sdio.o(i.SDIO_ReadData), (12 bytes).
    Removing stm32f10x_sdio.o(i.SDIO_SendCEATACmd), (12 bytes).
    Removing stm32f10x_sdio.o(i.SDIO_SendCommand), (44 bytes).
    Removing stm32f10x_sdio.o(i.SDIO_SendSDIOSuspendCmd), (12 bytes).
    Removing stm32f10x_sdio.o(i.SDIO_SetPowerState), (28 bytes).
    Removing stm32f10x_sdio.o(i.SDIO_SetSDIOOperation), (12 bytes).
    Removing stm32f10x_sdio.o(i.SDIO_SetSDIOReadWaitMode), (12 bytes).
    Removing stm32f10x_sdio.o(i.SDIO_StartSDIOReadWait), (12 bytes).
    Removing stm32f10x_sdio.o(i.SDIO_StopSDIOReadWait), (12 bytes).
    Removing stm32f10x_sdio.o(i.SDIO_StructInit), (16 bytes).
    Removing stm32f10x_sdio.o(i.SDIO_WriteData), (12 bytes).
    Removing stm32f10x_spi.o(i.I2S_Cmd), (24 bytes).
    Removing stm32f10x_spi.o(i.I2S_Init), (232 bytes).
    Removing stm32f10x_spi.o(i.I2S_StructInit), (20 bytes).
    Removing stm32f10x_spi.o(i.SPI_BiDirectionalLineConfig), (28 bytes).
    Removing stm32f10x_spi.o(i.SPI_CalculateCRC), (24 bytes).
    Removing stm32f10x_spi.o(i.SPI_Cmd), (24 bytes).
    Removing stm32f10x_spi.o(i.SPI_DataSizeConfig), (18 bytes).
    Removing stm32f10x_spi.o(i.SPI_GetCRC), (16 bytes).
    Removing stm32f10x_spi.o(i.SPI_GetCRCPolynomial), (6 bytes).
    Removing stm32f10x_spi.o(i.SPI_I2S_ClearFlag), (6 bytes).
    Removing stm32f10x_spi.o(i.SPI_I2S_ClearITPendingBit), (20 bytes).
    Removing stm32f10x_spi.o(i.SPI_I2S_DMACmd), (18 bytes).
    Removing stm32f10x_spi.o(i.SPI_I2S_DeInit), (88 bytes).
    Removing stm32f10x_spi.o(i.SPI_I2S_GetFlagStatus), (18 bytes).
    Removing stm32f10x_spi.o(i.SPI_I2S_GetITStatus), (52 bytes).
    Removing stm32f10x_spi.o(i.SPI_I2S_ITConfig), (32 bytes).
    Removing stm32f10x_spi.o(i.SPI_I2S_ReceiveData), (6 bytes).
    Removing stm32f10x_spi.o(i.SPI_I2S_SendData), (4 bytes).
    Removing stm32f10x_spi.o(i.SPI_Init), (60 bytes).
    Removing stm32f10x_spi.o(i.SPI_NSSInternalSoftwareConfig), (30 bytes).
    Removing stm32f10x_spi.o(i.SPI_SSOutputCmd), (24 bytes).
    Removing stm32f10x_spi.o(i.SPI_StructInit), (24 bytes).
    Removing stm32f10x_spi.o(i.SPI_TransmitCRC), (10 bytes).
    Removing stm32f10x_tim.o(i.TI1_Config), (128 bytes).
    Removing stm32f10x_tim.o(i.TI2_Config), (152 bytes).
    Removing stm32f10x_tim.o(i.TI3_Config), (144 bytes).
    Removing stm32f10x_tim.o(i.TI4_Config), (152 bytes).
    Removing stm32f10x_tim.o(i.TIM_ARRPreloadConfig), (24 bytes).
    Removing stm32f10x_tim.o(i.TIM_BDTRConfig), (32 bytes).
    Removing stm32f10x_tim.o(i.TIM_BDTRStructInit), (18 bytes).
    Removing stm32f10x_tim.o(i.TIM_CCPreloadControl), (24 bytes).
    Removing stm32f10x_tim.o(i.TIM_CCxCmd), (30 bytes).
    Removing stm32f10x_tim.o(i.TIM_CCxNCmd), (30 bytes).
    Removing stm32f10x_tim.o(i.TIM_ClearFlag), (6 bytes).
    Removing stm32f10x_tim.o(i.TIM_ClearOC1Ref), (18 bytes).
    Removing stm32f10x_tim.o(i.TIM_ClearOC2Ref), (24 bytes).
    Removing stm32f10x_tim.o(i.TIM_ClearOC3Ref), (18 bytes).
    Removing stm32f10x_tim.o(i.TIM_ClearOC4Ref), (24 bytes).
    Removing stm32f10x_tim.o(i.TIM_Cmd), (24 bytes).
    Removing stm32f10x_tim.o(i.TIM_CounterModeConfig), (18 bytes).
    Removing stm32f10x_tim.o(i.TIM_CtrlPWMOutputs), (30 bytes).
    Removing stm32f10x_tim.o(i.TIM_DMACmd), (18 bytes).
    Removing stm32f10x_tim.o(i.TIM_DMAConfig), (10 bytes).
    Removing stm32f10x_tim.o(i.TIM_DeInit), (488 bytes).
    Removing stm32f10x_tim.o(i.TIM_ETRClockMode1Config), (54 bytes).
    Removing stm32f10x_tim.o(i.TIM_ETRClockMode2Config), (32 bytes).
    Removing stm32f10x_tim.o(i.TIM_ETRConfig), (28 bytes).
    Removing stm32f10x_tim.o(i.TIM_EncoderInterfaceConfig), (66 bytes).
    Removing stm32f10x_tim.o(i.TIM_ForcedOC1Config), (18 bytes).
    Removing stm32f10x_tim.o(i.TIM_ForcedOC2Config), (26 bytes).
    Removing stm32f10x_tim.o(i.TIM_ForcedOC3Config), (18 bytes).
    Removing stm32f10x_tim.o(i.TIM_ForcedOC4Config), (26 bytes).
    Removing stm32f10x_tim.o(i.TIM_GenerateEvent), (4 bytes).
    Removing stm32f10x_tim.o(i.TIM_GetCapture1), (6 bytes).
    Removing stm32f10x_tim.o(i.TIM_GetCapture2), (6 bytes).
    Removing stm32f10x_tim.o(i.TIM_GetCapture3), (6 bytes).
    Removing stm32f10x_tim.o(i.TIM_GetCapture4), (8 bytes).
    Removing stm32f10x_tim.o(i.TIM_GetCounter), (6 bytes).
    Removing stm32f10x_tim.o(i.TIM_GetFlagStatus), (18 bytes).
    Removing stm32f10x_tim.o(i.TIM_GetPrescaler), (6 bytes).
    Removing stm32f10x_tim.o(i.TIM_ICInit), (172 bytes).
    Removing stm32f10x_tim.o(i.TIM_ICStructInit), (18 bytes).
    Removing stm32f10x_tim.o(i.TIM_ITConfig), (18 bytes).
    Removing stm32f10x_tim.o(i.TIM_ITRxExternalClockConfig), (24 bytes).
    Removing stm32f10x_tim.o(i.TIM_InternalClockConfig), (12 bytes).
    Removing stm32f10x_tim.o(i.TIM_OC1FastConfig), (18 bytes).
    Removing stm32f10x_tim.o(i.TIM_OC1Init), (152 bytes).
    Removing stm32f10x_tim.o(i.TIM_OC1NPolarityConfig), (18 bytes).
    Removing stm32f10x_tim.o(i.TIM_OC1PolarityConfig), (18 bytes).
    Removing stm32f10x_tim.o(i.TIM_OC1PreloadConfig), (18 bytes).
    Removing stm32f10x_tim.o(i.TIM_OC2FastConfig), (26 bytes).
    Removing stm32f10x_tim.o(i.TIM_OC2Init), (164 bytes).
    Removing stm32f10x_tim.o(i.TIM_OC2NPolarityConfig), (26 bytes).
    Removing stm32f10x_tim.o(i.TIM_OC2PolarityConfig), (26 bytes).
    Removing stm32f10x_tim.o(i.TIM_OC2PreloadConfig), (26 bytes).
    Removing stm32f10x_tim.o(i.TIM_OC3FastConfig), (18 bytes).
    Removing stm32f10x_tim.o(i.TIM_OC3Init), (160 bytes).
    Removing stm32f10x_tim.o(i.TIM_OC3NPolarityConfig), (26 bytes).
    Removing stm32f10x_tim.o(i.TIM_OC3PolarityConfig), (26 bytes).
    Removing stm32f10x_tim.o(i.TIM_OC3PreloadConfig), (18 bytes).
    Removing stm32f10x_tim.o(i.TIM_OC4FastConfig), (26 bytes).
    Removing stm32f10x_tim.o(i.TIM_OC4Init), (124 bytes).
    Removing stm32f10x_tim.o(i.TIM_OC4PolarityConfig), (26 bytes).
    Removing stm32f10x_tim.o(i.TIM_OC4PreloadConfig), (26 bytes).
    Removing stm32f10x_tim.o(i.TIM_OCStructInit), (20 bytes).
    Removing stm32f10x_tim.o(i.TIM_PWMIConfig), (124 bytes).
    Removing stm32f10x_tim.o(i.TIM_PrescalerConfig), (6 bytes).
    Removing stm32f10x_tim.o(i.TIM_SelectCCDMA), (24 bytes).
    Removing stm32f10x_tim.o(i.TIM_SelectCOM), (24 bytes).
    Removing stm32f10x_tim.o(i.TIM_SelectHallSensor), (24 bytes).
    Removing stm32f10x_tim.o(i.TIM_SelectInputTrigger), (18 bytes).
    Removing stm32f10x_tim.o(i.TIM_SelectMasterSlaveMode), (18 bytes).
    Removing stm32f10x_tim.o(i.TIM_SelectOCxM), (82 bytes).
    Removing stm32f10x_tim.o(i.TIM_SelectOnePulseMode), (18 bytes).
    Removing stm32f10x_tim.o(i.TIM_SelectOutputTrigger), (18 bytes).
    Removing stm32f10x_tim.o(i.TIM_SelectSlaveMode), (18 bytes).
    Removing stm32f10x_tim.o(i.TIM_SetAutoreload), (4 bytes).
    Removing stm32f10x_tim.o(i.TIM_SetClockDivision), (18 bytes).
    Removing stm32f10x_tim.o(i.TIM_SetCompare1), (4 bytes).
    Removing stm32f10x_tim.o(i.TIM_SetCompare2), (4 bytes).
    Removing stm32f10x_tim.o(i.TIM_SetCompare3), (4 bytes).
    Removing stm32f10x_tim.o(i.TIM_SetCompare4), (6 bytes).
    Removing stm32f10x_tim.o(i.TIM_SetCounter), (4 bytes).
    Removing stm32f10x_tim.o(i.TIM_SetIC1Prescaler), (18 bytes).
    Removing stm32f10x_tim.o(i.TIM_SetIC2Prescaler), (26 bytes).
    Removing stm32f10x_tim.o(i.TIM_SetIC3Prescaler), (18 bytes).
    Removing stm32f10x_tim.o(i.TIM_SetIC4Prescaler), (26 bytes).
    Removing stm32f10x_tim.o(i.TIM_TIxExternalClockConfig), (62 bytes).
    Removing stm32f10x_tim.o(i.TIM_TimeBaseInit), (164 bytes).
    Removing stm32f10x_tim.o(i.TIM_TimeBaseStructInit), (18 bytes).
    Removing stm32f10x_tim.o(i.TIM_UpdateDisableConfig), (24 bytes).
    Removing stm32f10x_tim.o(i.TIM_UpdateRequestConfig), (24 bytes).
    Removing stm32f10x_usart.o(i.USART_ClearFlag), (18 bytes).
    Removing stm32f10x_usart.o(i.USART_ClockInit), (34 bytes).
    Removing stm32f10x_usart.o(i.USART_ClockStructInit), (12 bytes).
    Removing stm32f10x_usart.o(i.USART_DMACmd), (18 bytes).
    Removing stm32f10x_usart.o(i.USART_DeInit), (156 bytes).
    Removing stm32f10x_usart.o(i.USART_GetITStatus), (84 bytes).
    Removing stm32f10x_usart.o(i.USART_HalfDuplexCmd), (24 bytes).
    Removing stm32f10x_usart.o(i.USART_IrDACmd), (24 bytes).
    Removing stm32f10x_usart.o(i.USART_IrDAConfig), (18 bytes).
    Removing stm32f10x_usart.o(i.USART_LINBreakDetectLengthConfig), (18 bytes).
    Removing stm32f10x_usart.o(i.USART_LINCmd), (24 bytes).
    Removing stm32f10x_usart.o(i.USART_OneBitMethodCmd), (24 bytes).
    Removing stm32f10x_usart.o(i.USART_OverSampling8Cmd), (22 bytes).
    Removing stm32f10x_usart.o(i.USART_ReceiveData), (10 bytes).
    Removing stm32f10x_usart.o(i.USART_ReceiverWakeUpCmd), (24 bytes).
    Removing stm32f10x_usart.o(i.USART_SendBreak), (10 bytes).
    Removing stm32f10x_usart.o(i.USART_SetAddress), (18 bytes).
    Removing stm32f10x_usart.o(i.USART_SetGuardTime), (16 bytes).
    Removing stm32f10x_usart.o(i.USART_SetPrescaler), (16 bytes).
    Removing stm32f10x_usart.o(i.USART_SmartCardCmd), (24 bytes).
    Removing stm32f10x_usart.o(i.USART_SmartCardNACKCmd), (24 bytes).
    Removing stm32f10x_usart.o(i.USART_StructInit), (24 bytes).
    Removing stm32f10x_usart.o(i.USART_WakeUpConfig), (18 bytes).
    Removing stm32f10x_wwdg.o(i.WWDG_ClearFlag), (12 bytes).
    Removing stm32f10x_wwdg.o(i.WWDG_DeInit), (22 bytes).
    Removing stm32f10x_wwdg.o(i.WWDG_Enable), (16 bytes).
    Removing stm32f10x_wwdg.o(i.WWDG_EnableIT), (12 bytes).
    Removing stm32f10x_wwdg.o(i.WWDG_GetFlagStatus), (12 bytes).
    Removing stm32f10x_wwdg.o(i.WWDG_SetCounter), (16 bytes).
    Removing stm32f10x_wwdg.o(i.WWDG_SetPrescaler), (24 bytes).
    Removing stm32f10x_wwdg.o(i.WWDG_SetWindowValue), (40 bytes).
    Removing core_cm3.o(.emb_text), (32 bytes).
    Removing system_stm32f10x.o(i.SystemCoreClockUpdate), (164 bytes).
    Removing startup_stm32f10x_md.o(HEAP), (512 bytes).
    Removing main.o(i.beep_init), (88 bytes).
    Removing main.o(i.gpio_exti_test), (44 bytes).
    Removing main.o(i.led_init), (108 bytes).
    Removing main.o(i.timer1_1_test), (36 bytes).
    Removing main.o(i.timer2_1_test), (36 bytes).

533 unused section(s) (total 30403 bytes) removed from the image.

==============================================================================

Image Symbol Table

    Local Symbols

    Symbol Name                              Value     Ov Type        Size  Object(Section)

    ../clib/../cmprslib/zerorunl2.c          0x00000000   Number         0  __dczerorl2.o ABSOLUTE
    ../clib/microlib/init/entry.s            0x00000000   Number         0  entry9b.o ABSOLUTE
    ../clib/microlib/init/entry.s            0x00000000   Number         0  entry5.o ABSOLUTE
    ../clib/microlib/init/entry.s            0x00000000   Number         0  entry.o ABSOLUTE
    ../clib/microlib/init/entry.s            0x00000000   Number         0  entry8b.o ABSOLUTE
    ../clib/microlib/init/entry.s            0x00000000   Number         0  entry8a.o ABSOLUTE
    ../clib/microlib/init/entry.s            0x00000000   Number         0  entry7b.o ABSOLUTE
    ../clib/microlib/init/entry.s            0x00000000   Number         0  entry7a.o ABSOLUTE
    ../clib/microlib/init/entry.s            0x00000000   Number         0  entry9a.o ABSOLUTE
    ../clib/microlib/init/entry.s            0x00000000   Number         0  entry11b.o ABSOLUTE
    ../clib/microlib/init/entry.s            0x00000000   Number         0  entry11a.o ABSOLUTE
    ../clib/microlib/init/entry.s            0x00000000   Number         0  entry2.o ABSOLUTE
    ../clib/microlib/init/entry.s            0x00000000   Number         0  entry10b.o ABSOLUTE
    ../clib/microlib/init/entry.s            0x00000000   Number         0  entry10a.o ABSOLUTE
    ../clib/microlib/string/memcpy.c         0x00000000   Number         0  memcpya.o ABSOLUTE
    ../clib/microlib/string/memcpy.c         0x00000000   Number         0  memcpyb.o ABSOLUTE
    ../clib/microlib/string/memset.c         0x00000000   Number         0  memseta.o ABSOLUTE
    ..\\vd_mcu_kit\\vd_lib\\Start\\core_cm3.c 0x00000000   Number         0  core_cm3.o ABSOLUTE
    ..\vd_mcu_kit\vd_bsp\vd_bsp_adc\vd_bsp_adc.c 0x00000000   Number         0  vd_bsp_adc.o ABSOLUTE
    ..\vd_mcu_kit\vd_bsp\vd_bsp_dwt\vd_bsp_dwt.c 0x00000000   Number         0  vd_bsp_dwt.o ABSOLUTE
    ..\vd_mcu_kit\vd_bsp\vd_bsp_gpio\vd_bsp_gpio.c 0x00000000   Number         0  vd_bsp_gpio.o ABSOLUTE
    ..\vd_mcu_kit\vd_bsp\vd_bsp_pwm\vd_bsp_pwm.c 0x00000000   Number         0  vd_bsp_pwm.o ABSOLUTE
    ..\vd_mcu_kit\vd_bsp\vd_bsp_soft_i2c\vd_bsp_soft_i2c.c 0x00000000   Number         0  vd_bsp_soft_i2c.o ABSOLUTE
    ..\vd_mcu_kit\vd_bsp\vd_bsp_soft_spi\vd_bsp_soft_spi.c 0x00000000   Number         0  vd_bsp_soft_spi.o ABSOLUTE
    ..\vd_mcu_kit\vd_bsp\vd_bsp_systick\vd_bsp_systick.c 0x00000000   Number         0  vd_bsp_systick.o ABSOLUTE
    ..\vd_mcu_kit\vd_bsp\vd_bsp_timer\vd_bsp_timer.c 0x00000000   Number         0  vd_bsp_timer.o ABSOLUTE
    ..\vd_mcu_kit\vd_bsp\vd_bsp_uart\vd_bsp_uart.c 0x00000000   Number         0  vd_bsp_uart.o ABSOLUTE
    ..\vd_mcu_kit\vd_fml\fml_lib\log\log.c   0x00000000   Number         0  log.o ABSOLUTE
    ..\vd_mcu_kit\vd_fml\fml_module_peripheral\vd_fml_per_beep_module\vd_fml_per_beep_module.c 0x00000000   Number         0  vd_fml_per_beep_module.o ABSOLUTE
    ..\vd_mcu_kit\vd_fml\fml_module_peripheral\vd_fml_per_led_module\vd_fml_per_led_module.c 0x00000000   Number         0  vd_fml_per_led_module.o ABSOLUTE
    ..\vd_mcu_kit\vd_lib\Library\misc.c      0x00000000   Number         0  misc.o ABSOLUTE
    ..\vd_mcu_kit\vd_lib\Library\stm32f10x_adc.c 0x00000000   Number         0  stm32f10x_adc.o ABSOLUTE
    ..\vd_mcu_kit\vd_lib\Library\stm32f10x_bkp.c 0x00000000   Number         0  stm32f10x_bkp.o ABSOLUTE
    ..\vd_mcu_kit\vd_lib\Library\stm32f10x_can.c 0x00000000   Number         0  stm32f10x_can.o ABSOLUTE
    ..\vd_mcu_kit\vd_lib\Library\stm32f10x_cec.c 0x00000000   Number         0  stm32f10x_cec.o ABSOLUTE
    ..\vd_mcu_kit\vd_lib\Library\stm32f10x_crc.c 0x00000000   Number         0  stm32f10x_crc.o ABSOLUTE
    ..\vd_mcu_kit\vd_lib\Library\stm32f10x_dac.c 0x00000000   Number         0  stm32f10x_dac.o ABSOLUTE
    ..\vd_mcu_kit\vd_lib\Library\stm32f10x_dbgmcu.c 0x00000000   Number         0  stm32f10x_dbgmcu.o ABSOLUTE
    ..\vd_mcu_kit\vd_lib\Library\stm32f10x_dma.c 0x00000000   Number         0  stm32f10x_dma.o ABSOLUTE
    ..\vd_mcu_kit\vd_lib\Library\stm32f10x_exti.c 0x00000000   Number         0  stm32f10x_exti.o ABSOLUTE
    ..\vd_mcu_kit\vd_lib\Library\stm32f10x_flash.c 0x00000000   Number         0  stm32f10x_flash.o ABSOLUTE
    ..\vd_mcu_kit\vd_lib\Library\stm32f10x_fsmc.c 0x00000000   Number         0  stm32f10x_fsmc.o ABSOLUTE
    ..\vd_mcu_kit\vd_lib\Library\stm32f10x_gpio.c 0x00000000   Number         0  stm32f10x_gpio.o ABSOLUTE
    ..\vd_mcu_kit\vd_lib\Library\stm32f10x_i2c.c 0x00000000   Number         0  stm32f10x_i2c.o ABSOLUTE
    ..\vd_mcu_kit\vd_lib\Library\stm32f10x_iwdg.c 0x00000000   Number         0  stm32f10x_iwdg.o ABSOLUTE
    ..\vd_mcu_kit\vd_lib\Library\stm32f10x_pwr.c 0x00000000   Number         0  stm32f10x_pwr.o ABSOLUTE
    ..\vd_mcu_kit\vd_lib\Library\stm32f10x_rcc.c 0x00000000   Number         0  stm32f10x_rcc.o ABSOLUTE
    ..\vd_mcu_kit\vd_lib\Library\stm32f10x_rtc.c 0x00000000   Number         0  stm32f10x_rtc.o ABSOLUTE
    ..\vd_mcu_kit\vd_lib\Library\stm32f10x_sdio.c 0x00000000   Number         0  stm32f10x_sdio.o ABSOLUTE
    ..\vd_mcu_kit\vd_lib\Library\stm32f10x_spi.c 0x00000000   Number         0  stm32f10x_spi.o ABSOLUTE
    ..\vd_mcu_kit\vd_lib\Library\stm32f10x_tim.c 0x00000000   Number         0  stm32f10x_tim.o ABSOLUTE
    ..\vd_mcu_kit\vd_lib\Library\stm32f10x_usart.c 0x00000000   Number         0  stm32f10x_usart.o ABSOLUTE
    ..\vd_mcu_kit\vd_lib\Library\stm32f10x_wwdg.c 0x00000000   Number         0  stm32f10x_wwdg.o ABSOLUTE
    ..\vd_mcu_kit\vd_lib\Start\core_cm3.c    0x00000000   Number         0  core_cm3.o ABSOLUTE
    ..\vd_mcu_kit\vd_lib\Start\startup_stm32f10x_md.s 0x00000000   Number         0  startup_stm32f10x_md.o ABSOLUTE
    ..\vd_mcu_kit\vd_lib\Start\system_stm32f10x.c 0x00000000   Number         0  system_stm32f10x.o ABSOLUTE
    ..\vd_mcu_kit\vd_lib\stm32f10x_it.c      0x00000000   Number         0  stm32f10x_it.o ABSOLUTE
    ..\vd_mcu_kit\vd_lib\vd_hal\vdchip_stm32f103xx_gpio\vdchip_stm32f103xx_gpio.c 0x00000000   Number         0  vdchip_stm32f103xx_gpio.o ABSOLUTE
    ..\vd_user_code\main.c                   0x00000000   Number         0  main.o ABSOLUTE
    dc.s                                     0x00000000   Number         0  dc.o ABSOLUTE
    handlers.s                               0x00000000   Number         0  handlers.o ABSOLUTE
    init.s                                   0x00000000   Number         0  init.o ABSOLUTE
    RESET                                    0x08000000   Section      236  startup_stm32f10x_md.o(RESET)
    .ARM.Collect$$$$00000000                 0x080000ec   Section        0  entry.o(.ARM.Collect$$$$00000000)
    .ARM.Collect$$$$00000001                 0x080000ec   Section        4  entry2.o(.ARM.Collect$$$$00000001)
    .ARM.Collect$$$$00000004                 0x080000f0   Section        4  entry5.o(.ARM.Collect$$$$00000004)
    .ARM.Collect$$$$00000008                 0x080000f4   Section        0  entry7b.o(.ARM.Collect$$$$00000008)
    .ARM.Collect$$$$0000000A                 0x080000f4   Section        0  entry8b.o(.ARM.Collect$$$$0000000A)
    .ARM.Collect$$$$0000000B                 0x080000f4   Section        8  entry9a.o(.ARM.Collect$$$$0000000B)
    .ARM.Collect$$$$0000000D                 0x080000fc   Section        0  entry10a.o(.ARM.Collect$$$$0000000D)
    .ARM.Collect$$$$0000000F                 0x080000fc   Section        0  entry11a.o(.ARM.Collect$$$$0000000F)
    .ARM.Collect$$$$00002712                 0x080000fc   Section        4  entry2.o(.ARM.Collect$$$$00002712)
    __lit__00000000                          0x080000fc   Data           4  entry2.o(.ARM.Collect$$$$00002712)
    .text                                    0x08000100   Section       36  startup_stm32f10x_md.o(.text)
    .text                                    0x08000124   Section        0  memseta.o(.text)
    .text                                    0x08000148   Section       36  init.o(.text)
    .text                                    0x0800016c   Section        0  __dczerorl2.o(.text)
    i.BusFault_Handler                       0x080001c2   Section        0  stm32f10x_it.o(i.BusFault_Handler)
    i.Clear_Over_Flag                        0x080001c6   Section        0  vd_bsp_systick.o(i.Clear_Over_Flag)
    i.DebugMon_Handler                       0x080001ce   Section        0  stm32f10x_it.o(i.DebugMon_Handler)
    i.EXTI0_IRQHandler                       0x080001d0   Section        0  vd_bsp_gpio.o(i.EXTI0_IRQHandler)
    i.EXTI15_10_IRQHandler                   0x080001da   Section        0  vd_bsp_gpio.o(i.EXTI15_10_IRQHandler)
    i.EXTI1_IRQHandler                       0x080001e4   Section        0  vd_bsp_gpio.o(i.EXTI1_IRQHandler)
    i.EXTI2_IRQHandler                       0x080001ee   Section        0  vd_bsp_gpio.o(i.EXTI2_IRQHandler)
    i.EXTI3_IRQHandler                       0x080001f8   Section        0  vd_bsp_gpio.o(i.EXTI3_IRQHandler)
    i.EXTI4_IRQHandler                       0x08000202   Section        0  vd_bsp_gpio.o(i.EXTI4_IRQHandler)
    i.EXTI9_5_IRQHandler                     0x0800020c   Section        0  vd_bsp_gpio.o(i.EXTI9_5_IRQHandler)
    i.EXTI_ClearITPendingBit                 0x08000218   Section        0  stm32f10x_exti.o(i.EXTI_ClearITPendingBit)
    i.EXTI_GetITStatus                       0x08000224   Section        0  stm32f10x_exti.o(i.EXTI_GetITStatus)
    i.GPIO_IRQHandler                        0x0800024c   Section        0  vd_bsp_gpio.o(i.GPIO_IRQHandler)
    i.GPIO_Init                              0x0800032c   Section        0  stm32f10x_gpio.o(i.GPIO_Init)
    i.GPIO_PinRemapConfig                    0x08000444   Section        0  stm32f10x_gpio.o(i.GPIO_PinRemapConfig)
    i.GPIO_ReadInputDataBit                  0x080004d4   Section        0  stm32f10x_gpio.o(i.GPIO_ReadInputDataBit)
    i.GPIO_StructInit                        0x080004e6   Section        0  stm32f10x_gpio.o(i.GPIO_StructInit)
    i.GPIO_WriteBit                          0x080004f6   Section        0  stm32f10x_gpio.o(i.GPIO_WriteBit)
    i.HardFault_Handler                      0x08000500   Section        0  stm32f10x_it.o(i.HardFault_Handler)
    i.MemManage_Handler                      0x08000504   Section        0  stm32f10x_it.o(i.MemManage_Handler)
    i.NMI_Handler                            0x08000508   Section        0  stm32f10x_it.o(i.NMI_Handler)
    i.NVIC_Init                              0x0800050c   Section        0  misc.o(i.NVIC_Init)
    i.NVIC_PriorityGroupConfig               0x0800057c   Section        0  misc.o(i.NVIC_PriorityGroupConfig)
    i.NVIC_SetPriority                       0x08000590   Section        0  vd_bsp_systick.o(i.NVIC_SetPriority)
    NVIC_SetPriority                         0x08000591   Thumb Code    32  vd_bsp_systick.o(i.NVIC_SetPriority)
    i.PendSV_Handler                         0x080005b8   Section        0  stm32f10x_it.o(i.PendSV_Handler)
    i.PutChar                                0x080005ba   Section        0  log.o(i.PutChar)
    PutChar                                  0x080005bb   Thumb Code     8  log.o(i.PutChar)
    i.PutHexa                                0x080005c2   Section        0  log.o(i.PutHexa)
    PutHexa                                  0x080005c3   Thumb Code   132  log.o(i.PutHexa)
    i.PutSignedInt                           0x08000646   Section        0  log.o(i.PutSignedInt)
    PutSignedInt                             0x08000647   Thumb Code   164  log.o(i.PutSignedInt)
    i.PutString                              0x080006ea   Section        0  log.o(i.PutString)
    PutString                                0x080006eb   Thumb Code    24  log.o(i.PutString)
    i.PutUnsignedInt                         0x08000702   Section        0  log.o(i.PutUnsignedInt)
    PutUnsignedInt                           0x08000703   Thumb Code    98  log.o(i.PutUnsignedInt)
    i.RCC_APB1PeriphClockCmd                 0x08000764   Section        0  stm32f10x_rcc.o(i.RCC_APB1PeriphClockCmd)
    i.RCC_APB2PeriphClockCmd                 0x08000784   Section        0  stm32f10x_rcc.o(i.RCC_APB2PeriphClockCmd)
    i.RCC_GetClocksFreq                      0x080007a4   Section        0  stm32f10x_rcc.o(i.RCC_GetClocksFreq)
    i.SPI_Start                              0x08000878   Section        0  vd_bsp_soft_spi.o(i.SPI_Start)
    i.SPI_Stop                               0x08000894   Section        0  vd_bsp_soft_spi.o(i.SPI_Stop)
    i.SVC_Handler                            0x080008b0   Section        0  stm32f10x_it.o(i.SVC_Handler)
    i.SetSysClock                            0x080008b2   Section        0  system_stm32f10x.o(i.SetSysClock)
    SetSysClock                              0x080008b3   Thumb Code     8  system_stm32f10x.o(i.SetSysClock)
    i.SetSysClockTo72                        0x080008bc   Section        0  system_stm32f10x.o(i.SetSysClockTo72)
    SetSysClockTo72                          0x080008bd   Thumb Code   214  system_stm32f10x.o(i.SetSysClockTo72)
    i.SysTick_Handler                        0x0800099c   Section        0  vd_bsp_systick.o(i.SysTick_Handler)
    i.SystemInit                             0x08000a04   Section        0  system_stm32f10x.o(i.SystemInit)
    i.TIM1_UP_IRQHandler                     0x08000a64   Section        0  vd_bsp_timer.o(i.TIM1_UP_IRQHandler)
    i.TIM2_IRQHandler                        0x08000a84   Section        0  vd_bsp_timer.o(i.TIM2_IRQHandler)
    i.TIM_ClearITPendingBit                  0x08000aa0   Section        0  stm32f10x_tim.o(i.TIM_ClearITPendingBit)
    i.TIM_GetITStatus                        0x08000aa6   Section        0  stm32f10x_tim.o(i.TIM_GetITStatus)
    i.USART1_IRQHandler                      0x08000ac8   Section        0  vd_bsp_uart.o(i.USART1_IRQHandler)
    i.USART2_IRQHandler                      0x08000af4   Section        0  vd_bsp_uart.o(i.USART2_IRQHandler)
    i.USART3_IRQHandler                      0x08000b20   Section        0  vd_bsp_uart.o(i.USART3_IRQHandler)
    i.USART_ClearITPendingBit                0x08000b4c   Section        0  stm32f10x_usart.o(i.USART_ClearITPendingBit)
    i.USART_Cmd                              0x08000b6a   Section        0  stm32f10x_usart.o(i.USART_Cmd)
    i.USART_GetFlagStatus                    0x08000b82   Section        0  stm32f10x_usart.o(i.USART_GetFlagStatus)
    i.USART_ITConfig                         0x08000b9c   Section        0  stm32f10x_usart.o(i.USART_ITConfig)
    i.USART_Init                             0x08000be8   Section        0  stm32f10x_usart.o(i.USART_Init)
    i.USART_SendData                         0x08000cc0   Section        0  stm32f10x_usart.o(i.USART_SendData)
    i.UsageFault_Handler                     0x08000cc8   Section        0  stm32f10x_it.o(i.UsageFault_Handler)
    i.__scatterload_copy                     0x08000ccc   Section       14  handlers.o(i.__scatterload_copy)
    i.__scatterload_null                     0x08000cda   Section        2  handlers.o(i.__scatterload_null)
    i.__scatterload_zeroinit                 0x08000cdc   Section       14  handlers.o(i.__scatterload_zeroinit)
    i.log_init                               0x08000cec   Section        0  log.o(i.log_init)
    i.log_printf                             0x08000d00   Section        0  log.o(i.log_printf)
    i.log_send                               0x08000d30   Section        0  log.o(i.log_send)
    i.main                                   0x08000d4c   Section        0  main.o(i.main)
    i.t_vsnprintf                            0x08000dfc   Section        0  log.o(i.t_vsnprintf)
    t_vsnprintf                              0x08000dfd   Thumb Code   366  log.o(i.t_vsnprintf)
    i.t_vsprintf                             0x08000f6a   Section        0  log.o(i.t_vsprintf)
    t_vsprintf                               0x08000f6b   Thumb Code    22  log.o(i.t_vsprintf)
    i.time1_irq_handler                      0x08000f80   Section        0  vd_bsp_timer.o(i.time1_irq_handler)
    i.time2_irq_handler                      0x08001020   Section        0  vd_bsp_timer.o(i.time2_irq_handler)
    i.vd_bsp_dwt_dalay_init                  0x0800109c   Section        0  vd_bsp_dwt.o(i.vd_bsp_dwt_dalay_init)
    i.vd_bsp_get_group_and_pin               0x080010c4   Section        0  vd_bsp_gpio.o(i.vd_bsp_get_group_and_pin)
    i.vd_bsp_get_now_time                    0x080010fc   Section        0  vd_bsp_systick.o(i.vd_bsp_get_now_time)
    i.vd_bsp_gpio_get_PeriphClock            0x0800111c   Section        0  vd_bsp_gpio.o(i.vd_bsp_gpio_get_PeriphClock)
    i.vd_bsp_gpio_init                       0x08001184   Section        0  vd_bsp_gpio.o(i.vd_bsp_gpio_init)
    i.vd_bsp_gpio_read                       0x08001270   Section        0  vd_bsp_gpio.o(i.vd_bsp_gpio_read)
    i.vd_bsp_gpio_write                      0x080012f8   Section        0  vd_bsp_gpio.o(i.vd_bsp_gpio_write)
    i.vd_bsp_soft_spi_init                   0x08001388   Section        0  vd_bsp_soft_spi.o(i.vd_bsp_soft_spi_init)
    i.vd_bsp_spi_send_byte                   0x08001568   Section        0  vd_bsp_soft_spi.o(i.vd_bsp_spi_send_byte)
    i.vd_bsp_systick_init                    0x08001740   Section        0  vd_bsp_systick.o(i.vd_bsp_systick_init)
    i.vd_bsp_time_differ                     0x08001798   Section        0  vd_bsp_systick.o(i.vd_bsp_time_differ)
    i.vd_bsp_usart_SendByte                  0x080017bc   Section        0  vd_bsp_uart.o(i.vd_bsp_usart_SendByte)
    i.vd_bsp_usart_SendString                0x08001814   Section        0  vd_bsp_uart.o(i.vd_bsp_usart_SendString)
    i.vd_bsp_usart_init                      0x08001834   Section        0  vd_bsp_uart.o(i.vd_bsp_usart_init)
    i.vd_hardware_init                       0x080019b4   Section        0  main.o(i.vd_hardware_init)
    .constdata                               0x080019f4   Section      148  vd_bsp_gpio.o(.constdata)
    __FUNCTION__                             0x080019f4   Data          21  vd_bsp_gpio.o(.constdata)
    __FUNCTION__                             0x08001a09   Data          17  vd_bsp_gpio.o(.constdata)
    __FUNCTION__                             0x08001a1a   Data          18  vd_bsp_gpio.o(.constdata)
    __FUNCTION__                             0x08001a2c   Data          17  vd_bsp_gpio.o(.constdata)
    __FUNCTION__                             0x08001a3d   Data          25  vd_bsp_gpio.o(.constdata)
    __FUNCTION__                             0x08001a56   Data          27  vd_bsp_gpio.o(.constdata)
    __FUNCTION__                             0x08001a71   Data          23  vd_bsp_gpio.o(.constdata)
    .constdata                               0x08001a88   Section       51  vd_bsp_soft_spi.o(.constdata)
    __FUNCTION__                             0x08001a88   Data          21  vd_bsp_soft_spi.o(.constdata)
    __FUNCTION__                             0x08001a9d   Data          30  vd_bsp_soft_spi.o(.constdata)
    .conststring                             0x08001abc   Section       68  vd_bsp_timer.o(.conststring)
    .data                                    0x20000000   Section      300  vd_bsp_gpio.o(.data)
    .data                                    0x2000012c   Section       20  vd_bsp_systick.o(.data)
    .data                                    0x20000140   Section       12  vd_bsp_uart.o(.data)
    .data                                    0x2000014c   Section        6  vd_bsp_soft_spi.o(.data)
    .data                                    0x20000152   Section        1  log.o(.data)
    .data                                    0x20000153   Section       20  stm32f10x_rcc.o(.data)
    APBAHBPrescTable                         0x20000153   Data          16  stm32f10x_rcc.o(.data)
    ADCPrescTable                            0x20000163   Data           4  stm32f10x_rcc.o(.data)
    .data                                    0x20000168   Section       20  system_stm32f10x.o(.data)
    .data                                    0x2000017c   Section       24  main.o(.data)
    .bss                                     0x20000194   Section       12  vd_bsp_soft_spi.o(.bss)
    .bss                                     0x200001a0   Section      412  vd_bsp_timer.o(.bss)
    STACK                                    0x20000340   Section     1024  startup_stm32f10x_md.o(STACK)

    Global Symbols

    Symbol Name                              Value     Ov Type        Size  Object(Section)

    BuildAttributes$$THM_ISAv4$P$D$K$B$S$PE$A:L22UL41UL21$X:L11$S22US41US21$IEEE1$IW$USESV6$~STKCKD$USESV7$~SHL$OSPACE$EBA8$MICROLIB$REQ8$PRES8$EABIv2 0x00000000   Number         0  anon$$obj.o ABSOLUTE
    __ARM_use_no_argv                        0x00000000   Number         0  main.o ABSOLUTE
    __cpp_initialize__aeabi_                  - Undefined Weak Reference
    __cxa_finalize                            - Undefined Weak Reference
    _clock_init                               - Undefined Weak Reference
    _microlib_exit                            - Undefined Weak Reference
    __Vectors_Size                           0x000000ec   Number         0  startup_stm32f10x_md.o ABSOLUTE
    __Vectors                                0x08000000   Data           4  startup_stm32f10x_md.o(RESET)
    __Vectors_End                            0x080000ec   Data           0  startup_stm32f10x_md.o(RESET)
    __main                                   0x080000ed   Thumb Code     0  entry.o(.ARM.Collect$$$$00000000)
    _main_stk                                0x080000ed   Thumb Code     0  entry2.o(.ARM.Collect$$$$00000001)
    _main_scatterload                        0x080000f1   Thumb Code     0  entry5.o(.ARM.Collect$$$$00000004)
    __main_after_scatterload                 0x080000f5   Thumb Code     0  entry5.o(.ARM.Collect$$$$00000004)
    _main_clock                              0x080000f5   Thumb Code     0  entry7b.o(.ARM.Collect$$$$00000008)
    _main_cpp_init                           0x080000f5   Thumb Code     0  entry8b.o(.ARM.Collect$$$$0000000A)
    _main_init                               0x080000f5   Thumb Code     0  entry9a.o(.ARM.Collect$$$$0000000B)
    __rt_final_cpp                           0x080000fd   Thumb Code     0  entry10a.o(.ARM.Collect$$$$0000000D)
    __rt_final_exit                          0x080000fd   Thumb Code     0  entry11a.o(.ARM.Collect$$$$0000000F)
    Reset_Handler                            0x08000101   Thumb Code     8  startup_stm32f10x_md.o(.text)
    ADC1_2_IRQHandler                        0x0800011b   Thumb Code     0  startup_stm32f10x_md.o(.text)
    CAN1_RX1_IRQHandler                      0x0800011b   Thumb Code     0  startup_stm32f10x_md.o(.text)
    CAN1_SCE_IRQHandler                      0x0800011b   Thumb Code     0  startup_stm32f10x_md.o(.text)
    DMA1_Channel1_IRQHandler                 0x0800011b   Thumb Code     0  startup_stm32f10x_md.o(.text)
    DMA1_Channel2_IRQHandler                 0x0800011b   Thumb Code     0  startup_stm32f10x_md.o(.text)
    DMA1_Channel3_IRQHandler                 0x0800011b   Thumb Code     0  startup_stm32f10x_md.o(.text)
    DMA1_Channel4_IRQHandler                 0x0800011b   Thumb Code     0  startup_stm32f10x_md.o(.text)
    DMA1_Channel5_IRQHandler                 0x0800011b   Thumb Code     0  startup_stm32f10x_md.o(.text)
    DMA1_Channel6_IRQHandler                 0x0800011b   Thumb Code     0  startup_stm32f10x_md.o(.text)
    DMA1_Channel7_IRQHandler                 0x0800011b   Thumb Code     0  startup_stm32f10x_md.o(.text)
    FLASH_IRQHandler                         0x0800011b   Thumb Code     0  startup_stm32f10x_md.o(.text)
    I2C1_ER_IRQHandler                       0x0800011b   Thumb Code     0  startup_stm32f10x_md.o(.text)
    I2C1_EV_IRQHandler                       0x0800011b   Thumb Code     0  startup_stm32f10x_md.o(.text)
    I2C2_ER_IRQHandler                       0x0800011b   Thumb Code     0  startup_stm32f10x_md.o(.text)
    I2C2_EV_IRQHandler                       0x0800011b   Thumb Code     0  startup_stm32f10x_md.o(.text)
    PVD_IRQHandler                           0x0800011b   Thumb Code     0  startup_stm32f10x_md.o(.text)
    RCC_IRQHandler                           0x0800011b   Thumb Code     0  startup_stm32f10x_md.o(.text)
    RTCAlarm_IRQHandler                      0x0800011b   Thumb Code     0  startup_stm32f10x_md.o(.text)
    RTC_IRQHandler                           0x0800011b   Thumb Code     0  startup_stm32f10x_md.o(.text)
    SPI1_IRQHandler                          0x0800011b   Thumb Code     0  startup_stm32f10x_md.o(.text)
    SPI2_IRQHandler                          0x0800011b   Thumb Code     0  startup_stm32f10x_md.o(.text)
    TAMPER_IRQHandler                        0x0800011b   Thumb Code     0  startup_stm32f10x_md.o(.text)
    TIM1_BRK_IRQHandler                      0x0800011b   Thumb Code     0  startup_stm32f10x_md.o(.text)
    TIM1_CC_IRQHandler                       0x0800011b   Thumb Code     0  startup_stm32f10x_md.o(.text)
    TIM1_TRG_COM_IRQHandler                  0x0800011b   Thumb Code     0  startup_stm32f10x_md.o(.text)
    TIM3_IRQHandler                          0x0800011b   Thumb Code     0  startup_stm32f10x_md.o(.text)
    TIM4_IRQHandler                          0x0800011b   Thumb Code     0  startup_stm32f10x_md.o(.text)
    USBWakeUp_IRQHandler                     0x0800011b   Thumb Code     0  startup_stm32f10x_md.o(.text)
    USB_HP_CAN1_TX_IRQHandler                0x0800011b   Thumb Code     0  startup_stm32f10x_md.o(.text)
    USB_LP_CAN1_RX0_IRQHandler               0x0800011b   Thumb Code     0  startup_stm32f10x_md.o(.text)
    WWDG_IRQHandler                          0x0800011b   Thumb Code     0  startup_stm32f10x_md.o(.text)
    __aeabi_memset                           0x08000125   Thumb Code    14  memseta.o(.text)
    __aeabi_memset4                          0x08000125   Thumb Code     0  memseta.o(.text)
    __aeabi_memset8                          0x08000125   Thumb Code     0  memseta.o(.text)
    __aeabi_memclr                           0x08000133   Thumb Code     4  memseta.o(.text)
    __aeabi_memclr4                          0x08000133   Thumb Code     0  memseta.o(.text)
    __aeabi_memclr8                          0x08000133   Thumb Code     0  memseta.o(.text)
    _memset$wrapper                          0x08000137   Thumb Code    18  memseta.o(.text)
    __scatterload                            0x08000149   Thumb Code    28  init.o(.text)
    __scatterload_rt2                        0x08000149   Thumb Code     0  init.o(.text)
    __decompress                             0x0800016d   Thumb Code     0  __dczerorl2.o(.text)
    __decompress1                            0x0800016d   Thumb Code    86  __dczerorl2.o(.text)
    BusFault_Handler                         0x080001c3   Thumb Code     4  stm32f10x_it.o(i.BusFault_Handler)
    Clear_Over_Flag                          0x080001c7   Thumb Code     8  vd_bsp_systick.o(i.Clear_Over_Flag)
    DebugMon_Handler                         0x080001cf   Thumb Code     2  stm32f10x_it.o(i.DebugMon_Handler)
    EXTI0_IRQHandler                         0x080001d1   Thumb Code    10  vd_bsp_gpio.o(i.EXTI0_IRQHandler)
    EXTI15_10_IRQHandler                     0x080001db   Thumb Code    10  vd_bsp_gpio.o(i.EXTI15_10_IRQHandler)
    EXTI1_IRQHandler                         0x080001e5   Thumb Code    10  vd_bsp_gpio.o(i.EXTI1_IRQHandler)
    EXTI2_IRQHandler                         0x080001ef   Thumb Code    10  vd_bsp_gpio.o(i.EXTI2_IRQHandler)
    EXTI3_IRQHandler                         0x080001f9   Thumb Code    10  vd_bsp_gpio.o(i.EXTI3_IRQHandler)
    EXTI4_IRQHandler                         0x08000203   Thumb Code    10  vd_bsp_gpio.o(i.EXTI4_IRQHandler)
    EXTI9_5_IRQHandler                       0x0800020d   Thumb Code    10  vd_bsp_gpio.o(i.EXTI9_5_IRQHandler)
    EXTI_ClearITPendingBit                   0x08000219   Thumb Code     6  stm32f10x_exti.o(i.EXTI_ClearITPendingBit)
    EXTI_GetITStatus                         0x08000225   Thumb Code    34  stm32f10x_exti.o(i.EXTI_GetITStatus)
    GPIO_IRQHandler                          0x0800024d   Thumb Code   182  vd_bsp_gpio.o(i.GPIO_IRQHandler)
    GPIO_Init                                0x0800032d   Thumb Code   278  stm32f10x_gpio.o(i.GPIO_Init)
    GPIO_PinRemapConfig                      0x08000445   Thumb Code   138  stm32f10x_gpio.o(i.GPIO_PinRemapConfig)
    GPIO_ReadInputDataBit                    0x080004d5   Thumb Code    18  stm32f10x_gpio.o(i.GPIO_ReadInputDataBit)
    GPIO_StructInit                          0x080004e7   Thumb Code    16  stm32f10x_gpio.o(i.GPIO_StructInit)
    GPIO_WriteBit                            0x080004f7   Thumb Code    10  stm32f10x_gpio.o(i.GPIO_WriteBit)
    HardFault_Handler                        0x08000501   Thumb Code     4  stm32f10x_it.o(i.HardFault_Handler)
    MemManage_Handler                        0x08000505   Thumb Code     4  stm32f10x_it.o(i.MemManage_Handler)
    NMI_Handler                              0x08000509   Thumb Code     2  stm32f10x_it.o(i.NMI_Handler)
    NVIC_Init                                0x0800050d   Thumb Code   100  misc.o(i.NVIC_Init)
    NVIC_PriorityGroupConfig                 0x0800057d   Thumb Code    10  misc.o(i.NVIC_PriorityGroupConfig)
    PendSV_Handler                           0x080005b9   Thumb Code     2  stm32f10x_it.o(i.PendSV_Handler)
    RCC_APB1PeriphClockCmd                   0x08000765   Thumb Code    26  stm32f10x_rcc.o(i.RCC_APB1PeriphClockCmd)
    RCC_APB2PeriphClockCmd                   0x08000785   Thumb Code    26  stm32f10x_rcc.o(i.RCC_APB2PeriphClockCmd)
    RCC_GetClocksFreq                        0x080007a5   Thumb Code   192  stm32f10x_rcc.o(i.RCC_GetClocksFreq)
    SPI_Start                                0x08000879   Thumb Code    22  vd_bsp_soft_spi.o(i.SPI_Start)
    SPI_Stop                                 0x08000895   Thumb Code    22  vd_bsp_soft_spi.o(i.SPI_Stop)
    SVC_Handler                              0x080008b1   Thumb Code     2  stm32f10x_it.o(i.SVC_Handler)
    SysTick_Handler                          0x0800099d   Thumb Code    84  vd_bsp_systick.o(i.SysTick_Handler)
    SystemInit                               0x08000a05   Thumb Code    78  system_stm32f10x.o(i.SystemInit)
    TIM1_UP_IRQHandler                       0x08000a65   Thumb Code    28  vd_bsp_timer.o(i.TIM1_UP_IRQHandler)
    TIM2_IRQHandler                          0x08000a85   Thumb Code    28  vd_bsp_timer.o(i.TIM2_IRQHandler)
    TIM_ClearITPendingBit                    0x08000aa1   Thumb Code     6  stm32f10x_tim.o(i.TIM_ClearITPendingBit)
    TIM_GetITStatus                          0x08000aa7   Thumb Code    34  stm32f10x_tim.o(i.TIM_GetITStatus)
    USART1_IRQHandler                        0x08000ac9   Thumb Code    34  vd_bsp_uart.o(i.USART1_IRQHandler)
    USART2_IRQHandler                        0x08000af5   Thumb Code    34  vd_bsp_uart.o(i.USART2_IRQHandler)
    USART3_IRQHandler                        0x08000b21   Thumb Code    34  vd_bsp_uart.o(i.USART3_IRQHandler)
    USART_ClearITPendingBit                  0x08000b4d   Thumb Code    30  stm32f10x_usart.o(i.USART_ClearITPendingBit)
    USART_Cmd                                0x08000b6b   Thumb Code    24  stm32f10x_usart.o(i.USART_Cmd)
    USART_GetFlagStatus                      0x08000b83   Thumb Code    26  stm32f10x_usart.o(i.USART_GetFlagStatus)
    USART_ITConfig                           0x08000b9d   Thumb Code    74  stm32f10x_usart.o(i.USART_ITConfig)
    USART_Init                               0x08000be9   Thumb Code   210  stm32f10x_usart.o(i.USART_Init)
    USART_SendData                           0x08000cc1   Thumb Code     8  stm32f10x_usart.o(i.USART_SendData)
    UsageFault_Handler                       0x08000cc9   Thumb Code     4  stm32f10x_it.o(i.UsageFault_Handler)
    __scatterload_copy                       0x08000ccd   Thumb Code    14  handlers.o(i.__scatterload_copy)
    __scatterload_null                       0x08000cdb   Thumb Code     2  handlers.o(i.__scatterload_null)
    __scatterload_zeroinit                   0x08000cdd   Thumb Code    14  handlers.o(i.__scatterload_zeroinit)
    log_init                                 0x08000ced   Thumb Code    16  log.o(i.log_init)
    log_printf                               0x08000d01   Thumb Code    46  log.o(i.log_printf)
    log_send                                 0x08000d31   Thumb Code    22  log.o(i.log_send)
    main                                     0x08000d4d   Thumb Code   122  main.o(i.main)
    time1_irq_handler                        0x08000f81   Thumb Code   150  vd_bsp_timer.o(i.time1_irq_handler)
    time2_irq_handler                        0x08001021   Thumb Code   118  vd_bsp_timer.o(i.time2_irq_handler)
    vd_bsp_dwt_dalay_init                    0x0800109d   Thumb Code    30  vd_bsp_dwt.o(i.vd_bsp_dwt_dalay_init)
    vd_bsp_get_group_and_pin                 0x080010c5   Thumb Code    50  vd_bsp_gpio.o(i.vd_bsp_get_group_and_pin)
    vd_bsp_get_now_time                      0x080010fd   Thumb Code    22  vd_bsp_systick.o(i.vd_bsp_get_now_time)
    vd_bsp_gpio_get_PeriphClock              0x0800111d   Thumb Code    74  vd_bsp_gpio.o(i.vd_bsp_gpio_get_PeriphClock)
    vd_bsp_gpio_init                         0x08001185   Thumb Code   130  vd_bsp_gpio.o(i.vd_bsp_gpio_init)
    vd_bsp_gpio_read                         0x08001271   Thumb Code    68  vd_bsp_gpio.o(i.vd_bsp_gpio_read)
    vd_bsp_gpio_write                        0x080012f9   Thumb Code    74  vd_bsp_gpio.o(i.vd_bsp_gpio_write)
    vd_bsp_soft_spi_init                     0x08001389   Thumb Code   218  vd_bsp_soft_spi.o(i.vd_bsp_soft_spi_init)
    vd_bsp_spi_send_byte                     0x08001569   Thumb Code   372  vd_bsp_soft_spi.o(i.vd_bsp_spi_send_byte)
    vd_bsp_systick_init                      0x08001741   Thumb Code    76  vd_bsp_systick.o(i.vd_bsp_systick_init)
    vd_bsp_time_differ                       0x08001799   Thumb Code    26  vd_bsp_systick.o(i.vd_bsp_time_differ)
    vd_bsp_usart_SendByte                    0x080017bd   Thumb Code    74  vd_bsp_uart.o(i.vd_bsp_usart_SendByte)
    vd_bsp_usart_SendString                  0x08001815   Thumb Code    30  vd_bsp_uart.o(i.vd_bsp_usart_SendString)
    vd_bsp_usart_init                        0x08001835   Thumb Code   358  vd_bsp_uart.o(i.vd_bsp_usart_init)
    vd_hardware_init                         0x080019b5   Thumb Code    28  main.o(i.vd_hardware_init)
    Region$$Table$$Base                      0x08001b00   Number         0  anon$$obj.o(Region$$Table)
    Region$$Table$$Limit                     0x08001b20   Number         0  anon$$obj.o(Region$$Table)
    pin_irq_hdr_tab                          0x20000000   Data         300  vd_bsp_gpio.o(.data)
    systick_init_us                          0x2000012c   Data           4  vd_bsp_systick.o(.data)
    systick_count                            0x20000130   Data           4  vd_bsp_systick.o(.data)
    systick_s_count                          0x20000134   Data           4  vd_bsp_systick.o(.data)
    systick_ms                               0x20000138   Data           4  vd_bsp_systick.o(.data)
    systick_s                                0x2000013c   Data           4  vd_bsp_systick.o(.data)
    vd_usart1_callback_handle                0x20000140   Data           4  vd_bsp_uart.o(.data)
    vd_usart2_callback_handle                0x20000144   Data           4  vd_bsp_uart.o(.data)
    vd_usart3_callback_handle                0x20000148   Data           4  vd_bsp_uart.o(.data)
    master_spi                               0x2000014c   Data           5  vd_bsp_soft_spi.o(.data)
    register_slave_mask                      0x20000151   Data           1  vd_bsp_soft_spi.o(.data)
    vd_g_usart_num                           0x20000152   Data           1  log.o(.data)
    SystemCoreClock                          0x20000168   Data           4  system_stm32f10x.o(.data)
    AHBPrescTable                            0x2000016c   Data          16  system_stm32f10x.o(.data)
    led_obj_id                               0x2000017c   Data           4  main.o(.data)
    led_obj_id1                              0x20000180   Data           4  main.o(.data)
    beep_obj_id                              0x20000184   Data           4  main.o(.data)
    buff                                     0x20000188   Data           4  main.o(.data)
    test_vlaue                               0x2000018c   Data           1  main.o(.data)
    main_timer_s                             0x20000190   Data           4  main.o(.data)
    register_slave_dev                       0x20000194   Data          12  vd_bsp_soft_spi.o(.bss)
    timerx                                   0x200001a0   Data         400  vd_bsp_timer.o(.bss)
    vd_g_register_timer_period               0x20000330   Data          12  vd_bsp_timer.o(.bss)
    __initial_sp                             0x20000740   Data           0  startup_stm32f10x_md.o(STACK)



==============================================================================

Memory Map of the image

  Image Entry point : 0x080000ed

  Load Region LR_IROM1 (Base: 0x08000000, Size: 0x00001cb4, Max: 0x00010000, ABSOLUTE, COMPRESSED[0x00001b4c])

    Execution Region ER_IROM1 (Exec base: 0x08000000, Load base: 0x08000000, Size: 0x00001b20, Max: 0x00010000, ABSOLUTE)

    Exec Addr    Load Addr    Size         Type   Attr      Idx    E Section Name        Object

    0x08000000   0x08000000   0x000000ec   Data   RO         4042    RESET               startup_stm32f10x_md.o
    0x080000ec   0x080000ec   0x00000000   Code   RO         4183  * .ARM.Collect$$$$00000000  mc_w.l(entry.o)
    0x080000ec   0x080000ec   0x00000004   Code   RO         4192    .ARM.Collect$$$$00000001  mc_w.l(entry2.o)
    0x080000f0   0x080000f0   0x00000004   Code   RO         4195    .ARM.Collect$$$$00000004  mc_w.l(entry5.o)
    0x080000f4   0x080000f4   0x00000000   Code   RO         4197    .ARM.Collect$$$$00000008  mc_w.l(entry7b.o)
    0x080000f4   0x080000f4   0x00000000   Code   RO         4199    .ARM.Collect$$$$0000000A  mc_w.l(entry8b.o)
    0x080000f4   0x080000f4   0x00000008   Code   RO         4200    .ARM.Collect$$$$0000000B  mc_w.l(entry9a.o)
    0x080000fc   0x080000fc   0x00000000   Code   RO         4202    .ARM.Collect$$$$0000000D  mc_w.l(entry10a.o)
    0x080000fc   0x080000fc   0x00000000   Code   RO         4204    .ARM.Collect$$$$0000000F  mc_w.l(entry11a.o)
    0x080000fc   0x080000fc   0x00000004   Code   RO         4193    .ARM.Collect$$$$00002712  mc_w.l(entry2.o)
    0x08000100   0x08000100   0x00000024   Code   RO         4043    .text               startup_stm32f10x_md.o
    0x08000124   0x08000124   0x00000024   Code   RO         4188    .text               mc_w.l(memseta.o)
    0x08000148   0x08000148   0x00000024   Code   RO         4206    .text               mc_w.l(init.o)
    0x0800016c   0x0800016c   0x00000056   Code   RO         4216    .text               mc_w.l(__dczerorl2.o)
    0x080001c2   0x080001c2   0x00000004   Code   RO         4047    i.BusFault_Handler  stm32f10x_it.o
    0x080001c6   0x080001c6   0x00000008   Code   RO          379    i.Clear_Over_Flag   vd_bsp_systick.o
    0x080001ce   0x080001ce   0x00000002   Code   RO         4048    i.DebugMon_Handler  stm32f10x_it.o
    0x080001d0   0x080001d0   0x0000000a   Code   RO          128    i.EXTI0_IRQHandler  vd_bsp_gpio.o
    0x080001da   0x080001da   0x0000000a   Code   RO          129    i.EXTI15_10_IRQHandler  vd_bsp_gpio.o
    0x080001e4   0x080001e4   0x0000000a   Code   RO          130    i.EXTI1_IRQHandler  vd_bsp_gpio.o
    0x080001ee   0x080001ee   0x0000000a   Code   RO          131    i.EXTI2_IRQHandler  vd_bsp_gpio.o
    0x080001f8   0x080001f8   0x0000000a   Code   RO          132    i.EXTI3_IRQHandler  vd_bsp_gpio.o
    0x08000202   0x08000202   0x0000000a   Code   RO          133    i.EXTI4_IRQHandler  vd_bsp_gpio.o
    0x0800020c   0x0800020c   0x0000000a   Code   RO          134    i.EXTI9_5_IRQHandler  vd_bsp_gpio.o
    0x08000216   0x08000216   0x00000002   PAD
    0x08000218   0x08000218   0x0000000c   Code   RO         1796    i.EXTI_ClearITPendingBit  stm32f10x_exti.o
    0x08000224   0x08000224   0x00000028   Code   RO         1800    i.EXTI_GetITStatus  stm32f10x_exti.o
    0x0800024c   0x0800024c   0x000000e0   Code   RO          135    i.GPIO_IRQHandler   vd_bsp_gpio.o
    0x0800032c   0x0800032c   0x00000116   Code   RO         2158    i.GPIO_Init         stm32f10x_gpio.o
    0x08000442   0x08000442   0x00000002   PAD
    0x08000444   0x08000444   0x00000090   Code   RO         2160    i.GPIO_PinRemapConfig  stm32f10x_gpio.o
    0x080004d4   0x080004d4   0x00000012   Code   RO         2162    i.GPIO_ReadInputDataBit  stm32f10x_gpio.o
    0x080004e6   0x080004e6   0x00000010   Code   RO         2167    i.GPIO_StructInit   stm32f10x_gpio.o
    0x080004f6   0x080004f6   0x0000000a   Code   RO         2169    i.GPIO_WriteBit     stm32f10x_gpio.o
    0x08000500   0x08000500   0x00000004   Code   RO         4049    i.HardFault_Handler  stm32f10x_it.o
    0x08000504   0x08000504   0x00000004   Code   RO         4050    i.MemManage_Handler  stm32f10x_it.o
    0x08000508   0x08000508   0x00000002   Code   RO         4051    i.NMI_Handler       stm32f10x_it.o
    0x0800050a   0x0800050a   0x00000002   PAD
    0x0800050c   0x0800050c   0x00000070   Code   RO          911    i.NVIC_Init         misc.o
    0x0800057c   0x0800057c   0x00000014   Code   RO          912    i.NVIC_PriorityGroupConfig  misc.o
    0x08000590   0x08000590   0x00000028   Code   RO          380    i.NVIC_SetPriority  vd_bsp_systick.o
    0x080005b8   0x080005b8   0x00000002   Code   RO         4052    i.PendSV_Handler    stm32f10x_it.o
    0x080005ba   0x080005ba   0x00000008   Code   RO          833    i.PutChar           log.o
    0x080005c2   0x080005c2   0x00000084   Code   RO          834    i.PutHexa           log.o
    0x08000646   0x08000646   0x000000a4   Code   RO          835    i.PutSignedInt      log.o
    0x080006ea   0x080006ea   0x00000018   Code   RO          836    i.PutString         log.o
    0x08000702   0x08000702   0x00000062   Code   RO          837    i.PutUnsignedInt    log.o
    0x08000764   0x08000764   0x00000020   Code   RO         2580    i.RCC_APB1PeriphClockCmd  stm32f10x_rcc.o
    0x08000784   0x08000784   0x00000020   Code   RO         2582    i.RCC_APB2PeriphClockCmd  stm32f10x_rcc.o
    0x080007a4   0x080007a4   0x000000d4   Code   RO         2590    i.RCC_GetClocksFreq  stm32f10x_rcc.o
    0x08000878   0x08000878   0x0000001c   Code   RO          624    i.SPI_Start         vd_bsp_soft_spi.o
    0x08000894   0x08000894   0x0000001c   Code   RO          625    i.SPI_Stop          vd_bsp_soft_spi.o
    0x080008b0   0x080008b0   0x00000002   Code   RO         4053    i.SVC_Handler       stm32f10x_it.o
    0x080008b2   0x080008b2   0x00000008   Code   RO         4006    i.SetSysClock       system_stm32f10x.o
    0x080008ba   0x080008ba   0x00000002   PAD
    0x080008bc   0x080008bc   0x000000e0   Code   RO         4007    i.SetSysClockTo72   system_stm32f10x.o
    0x0800099c   0x0800099c   0x00000068   Code   RO          381    i.SysTick_Handler   vd_bsp_systick.o
    0x08000a04   0x08000a04   0x00000060   Code   RO         4009    i.SystemInit        system_stm32f10x.o
    0x08000a64   0x08000a64   0x00000020   Code   RO          668    i.TIM1_UP_IRQHandler  vd_bsp_timer.o
    0x08000a84   0x08000a84   0x0000001c   Code   RO          669    i.TIM2_IRQHandler   vd_bsp_timer.o
    0x08000aa0   0x08000aa0   0x00000006   Code   RO         3218    i.TIM_ClearITPendingBit  stm32f10x_tim.o
    0x08000aa6   0x08000aa6   0x00000022   Code   RO         3244    i.TIM_GetITStatus   stm32f10x_tim.o
    0x08000ac8   0x08000ac8   0x0000002c   Code   RO          430    i.USART1_IRQHandler  vd_bsp_uart.o
    0x08000af4   0x08000af4   0x0000002c   Code   RO          431    i.USART2_IRQHandler  vd_bsp_uart.o
    0x08000b20   0x08000b20   0x0000002c   Code   RO          432    i.USART3_IRQHandler  vd_bsp_uart.o
    0x08000b4c   0x08000b4c   0x0000001e   Code   RO         3759    i.USART_ClearITPendingBit  stm32f10x_usart.o
    0x08000b6a   0x08000b6a   0x00000018   Code   RO         3762    i.USART_Cmd         stm32f10x_usart.o
    0x08000b82   0x08000b82   0x0000001a   Code   RO         3765    i.USART_GetFlagStatus  stm32f10x_usart.o
    0x08000b9c   0x08000b9c   0x0000004a   Code   RO         3768    i.USART_ITConfig    stm32f10x_usart.o
    0x08000be6   0x08000be6   0x00000002   PAD
    0x08000be8   0x08000be8   0x000000d8   Code   RO         3769    i.USART_Init        stm32f10x_usart.o
    0x08000cc0   0x08000cc0   0x00000008   Code   RO         3779    i.USART_SendData    stm32f10x_usart.o
    0x08000cc8   0x08000cc8   0x00000004   Code   RO         4054    i.UsageFault_Handler  stm32f10x_it.o
    0x08000ccc   0x08000ccc   0x0000000e   Code   RO         4210    i.__scatterload_copy  mc_w.l(handlers.o)
    0x08000cda   0x08000cda   0x00000002   Code   RO         4211    i.__scatterload_null  mc_w.l(handlers.o)
    0x08000cdc   0x08000cdc   0x0000000e   Code   RO         4212    i.__scatterload_zeroinit  mc_w.l(handlers.o)
    0x08000cea   0x08000cea   0x00000002   PAD
    0x08000cec   0x08000cec   0x00000014   Code   RO          838    i.log_init          log.o
    0x08000d00   0x08000d00   0x0000002e   Code   RO          840    i.log_printf        log.o
    0x08000d2e   0x08000d2e   0x00000002   PAD
    0x08000d30   0x08000d30   0x0000001c   Code   RO          841    i.log_send          log.o
    0x08000d4c   0x08000d4c   0x000000b0   Code   RO         4129    i.main              main.o
    0x08000dfc   0x08000dfc   0x0000016e   Code   RO          842    i.t_vsnprintf       log.o
    0x08000f6a   0x08000f6a   0x00000016   Code   RO          843    i.t_vsprintf        log.o
    0x08000f80   0x08000f80   0x000000a0   Code   RO          670    i.time1_irq_handler  vd_bsp_timer.o
    0x08001020   0x08001020   0x0000007c   Code   RO          671    i.time2_irq_handler  vd_bsp_timer.o
    0x0800109c   0x0800109c   0x00000028   Code   RO            1    i.vd_bsp_dwt_dalay_init  vd_bsp_dwt.o
    0x080010c4   0x080010c4   0x00000038   Code   RO          136    i.vd_bsp_get_group_and_pin  vd_bsp_gpio.o
    0x080010fc   0x080010fc   0x00000020   Code   RO          382    i.vd_bsp_get_now_time  vd_bsp_systick.o
    0x0800111c   0x0800111c   0x00000068   Code   RO          137    i.vd_bsp_gpio_get_PeriphClock  vd_bsp_gpio.o
    0x08001184   0x08001184   0x000000ec   Code   RO          139    i.vd_bsp_gpio_init  vd_bsp_gpio.o
    0x08001270   0x08001270   0x00000088   Code   RO          141    i.vd_bsp_gpio_read  vd_bsp_gpio.o
    0x080012f8   0x080012f8   0x00000090   Code   RO          144    i.vd_bsp_gpio_write  vd_bsp_gpio.o
    0x08001388   0x08001388   0x000001e0   Code   RO          627    i.vd_bsp_soft_spi_init  vd_bsp_soft_spi.o
    0x08001568   0x08001568   0x000001d8   Code   RO          628    i.vd_bsp_spi_send_byte  vd_bsp_soft_spi.o
    0x08001740   0x08001740   0x00000058   Code   RO          383    i.vd_bsp_systick_init  vd_bsp_systick.o
    0x08001798   0x08001798   0x00000024   Code   RO          384    i.vd_bsp_time_differ  vd_bsp_systick.o
    0x080017bc   0x080017bc   0x00000058   Code   RO          434    i.vd_bsp_usart_SendByte  vd_bsp_uart.o
    0x08001814   0x08001814   0x0000001e   Code   RO          436    i.vd_bsp_usart_SendString  vd_bsp_uart.o
    0x08001832   0x08001832   0x00000002   PAD
    0x08001834   0x08001834   0x00000180   Code   RO          438    i.vd_bsp_usart_init  vd_bsp_uart.o
    0x080019b4   0x080019b4   0x00000040   Code   RO         4132    i.vd_hardware_init  main.o
    0x080019f4   0x080019f4   0x00000094   Data   RO          145    .constdata          vd_bsp_gpio.o
    0x08001a88   0x08001a88   0x00000033   Data   RO          630    .constdata          vd_bsp_soft_spi.o
    0x08001abb   0x08001abb   0x00000001   PAD
    0x08001abc   0x08001abc   0x00000044   Data   RO          678    .conststring        vd_bsp_timer.o
    0x08001b00   0x08001b00   0x00000020   Data   RO         4208    Region$$Table       anon$$obj.o


    Execution Region RW_IRAM1 (Exec base: 0x20000000, Load base: 0x08001b20, Size: 0x00000740, Max: 0x00005000, ABSOLUTE, COMPRESSED[0x0000002c])

    Exec Addr    Load Addr    Size         Type   Attr      Idx    E Section Name        Object

    0x20000000   COMPRESSED   0x0000012c   Data   RW          147    .data               vd_bsp_gpio.o
    0x2000012c   COMPRESSED   0x00000014   Data   RW          385    .data               vd_bsp_systick.o
    0x20000140   COMPRESSED   0x0000000c   Data   RW          441    .data               vd_bsp_uart.o
    0x2000014c   COMPRESSED   0x00000006   Data   RW          631    .data               vd_bsp_soft_spi.o
    0x20000152   COMPRESSED   0x00000001   Data   RW          844    .data               log.o
    0x20000153   COMPRESSED   0x00000014   Data   RW         2610    .data               stm32f10x_rcc.o
    0x20000167   COMPRESSED   0x00000001   PAD
    0x20000168   COMPRESSED   0x00000014   Data   RW         4010    .data               system_stm32f10x.o
    0x2000017c   COMPRESSED   0x00000018   Data   RW         4133    .data               main.o
    0x20000194        -       0x0000000c   Zero   RW          629    .bss                vd_bsp_soft_spi.o
    0x200001a0        -       0x0000019c   Zero   RW          676    .bss                vd_bsp_timer.o
    0x2000033c   COMPRESSED   0x00000004   PAD
    0x20000340        -       0x00000400   Zero   RW         4040    STACK               startup_stm32f10x_md.o


==============================================================================

Image component sizes


      Code (inc. data)   RO Data    RW Data    ZI Data      Debug   Object Name

         0          0          0          0          0         32   core_cm3.o
       908         10          0          1          0       8488   log.o
       240         90          0         24          0       3056   main.o
       132         22          0          0          0      12439   misc.o
        36          8        236          0       1024        888   startup_stm32f10x_md.o
        52         12          0          0          0       1284   stm32f10x_exti.o
       466          6          0          0          0      13508   stm32f10x_gpio.o
        24          0          0          0          0       4156   stm32f10x_it.o
       276         32          0         20          0      13722   stm32f10x_rcc.o
        40          0          0          0          0      22494   stm32f10x_tim.o
       378          6          0          0          0      12247   stm32f10x_usart.o
       328         28          0         20          0       2681   system_stm32f10x.o
         0          0          0          0          0       1116   vd_bsp_adc.o
        40         10          0          0          0     208056   vd_bsp_dwt.o
       970        330        148        300          0     238731   vd_bsp_gpio.o
         0          0          0          0          0        948   vd_bsp_pwm.o
         0          0          0          0          0       1336   vd_bsp_soft_i2c.o
      1008        374         51          6         12       6541   vd_bsp_soft_spi.o
       308         60          0         20          0      20761   vd_bsp_systick.o
       344         20         68          0        412       4827   vd_bsp_timer.o
       634         70          0         12          0       6314   vd_bsp_uart.o

    ----------------------------------------------------------------------
      6198       1078        536        404       1452     583625   Object Totals
         0          0         32          0          0          0   (incl. Generated)
        14          0          1          1          4          0   (incl. Padding)

    ----------------------------------------------------------------------

      Code (inc. data)   RO Data    RW Data    ZI Data      Debug   Library Member Name

        86          0          0          0          0          0   __dczerorl2.o
         0          0          0          0          0          0   entry.o
         0          0          0          0          0          0   entry10a.o
         0          0          0          0          0          0   entry11a.o
         8          4          0          0          0          0   entry2.o
         4          0          0          0          0          0   entry5.o
         0          0          0          0          0          0   entry7b.o
         0          0          0          0          0          0   entry8b.o
         8          4          0          0          0          0   entry9a.o
        30          0          0          0          0          0   handlers.o
        36          8          0          0          0         68   init.o
        36          0          0          0          0        108   memseta.o

    ----------------------------------------------------------------------
       210         16          0          0          0        176   Library Totals
         2          0          0          0          0          0   (incl. Padding)

    ----------------------------------------------------------------------

      Code (inc. data)   RO Data    RW Data    ZI Data      Debug   Library Name

       208         16          0          0          0        176   mc_w.l

    ----------------------------------------------------------------------
       210         16          0          0          0        176   Library Totals

    ----------------------------------------------------------------------

==============================================================================


      Code (inc. data)   RO Data    RW Data    ZI Data      Debug   

      6408       1094        536        404       1452     580289   Grand Totals
      6408       1094        536         44       1452     580289   ELF Image Totals (compressed)
      6408       1094        536         44          0          0   ROM Totals

==============================================================================

    Total RO  Size (Code + RO Data)                 6944 (   6.78kB)
    Total RW  Size (RW Data + ZI Data)              1856 (   1.81kB)
    Total ROM Size (Code + RO Data + RW Data)       6988 (   6.82kB)

==============================================================================

